Component: ARM Compiler 5.06 update 6 (build 750) Tool: armlink [4d35ed]

==============================================================================

Section Cross References

    startup_stm32f105xc.o(STACK) refers (Special) to heapauxi.o(.text) for __use_two_region_memory
    startup_stm32f105xc.o(HEAP) refers (Special) to heapauxi.o(.text) for __use_two_region_memory
    startup_stm32f105xc.o(RESET) refers (Special) to heapauxi.o(.text) for __use_two_region_memory
    startup_stm32f105xc.o(RESET) refers to startup_stm32f105xc.o(STACK) for __initial_sp
    startup_stm32f105xc.o(RESET) refers to startup_stm32f105xc.o(.text) for Reset_Handler
    startup_stm32f105xc.o(RESET) refers to stm32f1xx_it.o(i.NMI_Handler) for NMI_Handler
    startup_stm32f105xc.o(RESET) refers to stm32f1xx_it.o(i.HardFault_Handler) for HardFault_Handler
    startup_stm32f105xc.o(RESET) refers to stm32f1xx_it.o(i.MemManage_Handler) for MemManage_Handler
    startup_stm32f105xc.o(RESET) refers to stm32f1xx_it.o(i.BusFault_Handler) for BusFault_Handler
    startup_stm32f105xc.o(RESET) refers to stm32f1xx_it.o(i.UsageFault_Handler) for UsageFault_Handler
    startup_stm32f105xc.o(RESET) refers to stm32f1xx_it.o(i.SVC_Handler) for SVC_Handler
    startup_stm32f105xc.o(RESET) refers to stm32f1xx_it.o(i.DebugMon_Handler) for DebugMon_Handler
    startup_stm32f105xc.o(RESET) refers to stm32f1xx_it.o(i.PendSV_Handler) for PendSV_Handler
    startup_stm32f105xc.o(RESET) refers to stm32f1xx_it.o(i.SysTick_Handler) for SysTick_Handler
    startup_stm32f105xc.o(RESET) refers to refree.o(i.DMA1_Channel6_IRQHandler) for DMA1_Channel6_IRQHandler
    startup_stm32f105xc.o(RESET) refers to stm32f1xx_it.o(i.DMA1_Channel7_IRQHandler) for DMA1_Channel7_IRQHandler
    startup_stm32f105xc.o(RESET) refers to stm32f1xx_it.o(i.CAN1_RX0_IRQHandler) for CAN1_RX0_IRQHandler
    startup_stm32f105xc.o(RESET) refers to stm32f1xx_it.o(i.CAN1_RX1_IRQHandler) for CAN1_RX1_IRQHandler
    startup_stm32f105xc.o(RESET) refers to stm32f1xx_it.o(i.TIM1_UP_IRQHandler) for TIM1_UP_IRQHandler
    startup_stm32f105xc.o(RESET) refers to stm32f1xx_it.o(i.TIM3_IRQHandler) for TIM3_IRQHandler
    startup_stm32f105xc.o(RESET) refers to stm32f1xx_it.o(i.CAN2_RX0_IRQHandler) for CAN2_RX0_IRQHandler
    startup_stm32f105xc.o(RESET) refers to stm32f1xx_it.o(i.CAN2_RX1_IRQHandler) for CAN2_RX1_IRQHandler
    startup_stm32f105xc.o(.text) refers (Special) to heapauxi.o(.text) for __use_two_region_memory
    startup_stm32f105xc.o(.text) refers to system_stm32f1xx.o(i.SystemInit) for SystemInit
    startup_stm32f105xc.o(.text) refers to __main.o(!!!main) for __main
    startup_stm32f105xc.o(.text) refers to startup_stm32f105xc.o(HEAP) for Heap_Mem
    startup_stm32f105xc.o(.text) refers to startup_stm32f105xc.o(STACK) for Stack_Mem
    main.o(i.SystemClock_Config) refers to rt_memclr_w.o(.text) for __aeabi_memclr4
    main.o(i.SystemClock_Config) refers to stm32f1xx_hal_rcc.o(i.HAL_RCC_OscConfig) for HAL_RCC_OscConfig
    main.o(i.SystemClock_Config) refers to main.o(i.Error_Handler) for Error_Handler
    main.o(i.SystemClock_Config) refers to stm32f1xx_hal_rcc.o(i.HAL_RCC_ClockConfig) for HAL_RCC_ClockConfig
    main.o(i.canTX) refers to stm32f1xx_hal_can.o(i.HAL_CAN_AddTxMessage) for HAL_CAN_AddTxMessage
    main.o(i.canTX) refers to can.o(.bss) for hcan1
    main.o(i.main) refers to stm32f1xx_hal.o(i.HAL_Init) for HAL_Init
    main.o(i.main) refers to main.o(i.SystemClock_Config) for SystemClock_Config
    main.o(i.main) refers to gpio.o(i.MX_GPIO_Init) for MX_GPIO_Init
    main.o(i.main) refers to dma.o(i.MX_DMA_Init) for MX_DMA_Init
    main.o(i.main) refers to can.o(i.MX_CAN1_Init) for MX_CAN1_Init
    main.o(i.main) refers to can.o(i.MX_CAN2_Init) for MX_CAN2_Init
    main.o(i.main) refers to tim.o(i.MX_TIM3_Init) for MX_TIM3_Init
    main.o(i.main) refers to tim.o(i.MX_TIM1_Init) for MX_TIM1_Init
    main.o(i.main) refers to usart.o(i.MX_USART2_UART_Init) for MX_USART2_UART_Init
    main.o(i.main) refers to can_bsp.o(i.platform_filtter_config_setting) for platform_filtter_config_setting
    main.o(i.main) refers to stm32f1xx_hal_can.o(i.HAL_CAN_Start) for HAL_CAN_Start
    main.o(i.main) refers to stm32f1xx_hal_can.o(i.HAL_CAN_ActivateNotification) for HAL_CAN_ActivateNotification
    main.o(i.main) refers to buzzer.o(i.buzzer_init_example) for buzzer_init_example
    main.o(i.main) refers to sw_control_task.o(i.SW_control_task_init) for SW_control_task_init
    main.o(i.main) refers to buzzer.o(i.buzzer_setTask) for buzzer_setTask
    main.o(i.main) refers to stm32f1xx_hal_tim.o(i.HAL_TIM_Base_Start_IT) for HAL_TIM_Base_Start_IT
    main.o(i.main) refers to stm32f1xx_hal_tim.o(i.HAL_TIM_PWM_Start) for HAL_TIM_PWM_Start
    main.o(i.main) refers to can.o(.bss) for hcan1
    main.o(i.main) refers to buzzer.o(.bss) for buzzer
    main.o(i.main) refers to tim.o(.bss) for htim3
    gpio.o(i.MX_GPIO_Init) refers to stm32f1xx_hal_gpio.o(i.HAL_GPIO_WritePin) for HAL_GPIO_WritePin
[...]
    .bss                                     0x200006b0   Section       32  steering_wheel.o(.bss)
    .bss                                     0x200006d0   Section      230  steering_communication.o(.bss)
    .bss                                     0x200007b8   Section       36  buzzer.o(.bss)
    .bss                                     0x200007dc   Section      181  refree.o(.bss)
    .bss                                     0x20000894   Section       96  libspace.o(.bss)
    HEAP                                     0x200008f8   Section      512  startup_stm32f105xc.o(HEAP)
    Heap_Mem                                 0x200008f8   Data         512  startup_stm32f105xc.o(HEAP)
    STACK                                    0x20000af8   Section     1024  startup_stm32f105xc.o(STACK)
    Stack_Mem                                0x20000af8   Data        1024  startup_stm32f105xc.o(STACK)
    __initial_sp                             0x20000ef8   Data           0  startup_stm32f105xc.o(STACK)

    Global Symbols

    Symbol Name                              Value     Ov Type        Size  Object(Section)

    BuildAttributes$$THM_ISAv4$P$D$K$B$S$PE$A:L22UL41UL21$X:L11$S22US41US21$IEEE1$IW$USESV6$~STKCKD$USESV7$~SHL$OTIME$ROPI$IEEEX$EBA8$UX$STANDARDLIB$REQ8$PRES8$EABIv2 0x00000000   Number         0  anon$$obj.o ABSOLUTE
    __ARM_use_no_argv                        0x00000000   Number         0  main.o ABSOLUTE
    __ARM_exceptions_init                     - Undefined Weak Reference
    __alloca_initialize                       - Undefined Weak Reference
    __arm_preinit_                            - Undefined Weak Reference
    __cpp_initialize__aeabi_                  - Undefined Weak Reference
    __cxa_finalize                            - Undefined Weak Reference
    __rt_locale                               - Undefined Weak Reference
    __sigvec_lookup                           - Undefined Weak Reference
    _atexit_init                              - Undefined Weak Reference
    _call_atexit_fns                          - Undefined Weak Reference
    _clock_init                               - Undefined Weak Reference
    _fp_trap_init                             - Undefined Weak Reference
    _fp_trap_shutdown                         - Undefined Weak Reference
    _get_lc_collate                           - Undefined Weak Reference
    _get_lc_ctype                             - Undefined Weak Reference
    _get_lc_monetary                          - Undefined Weak Reference
    _get_lc_numeric                           - Undefined Weak Reference
    _get_lc_time                              - Undefined Weak Reference
    _getenv_init                              - Undefined Weak Reference
    _handle_redirection                       - Undefined Weak Reference
    _init_alloc                               - Undefined Weak Reference
    _init_user_alloc                          - Undefined Weak Reference
    _initio                                   - Undefined Weak Reference
    _rand_init                                - Undefined Weak Reference
    _signal_finish                            - Undefined Weak Reference
    _signal_init                              - Undefined Weak Reference
    _terminate_alloc                          - Undefined Weak Reference
    _terminate_user_alloc                     - Undefined Weak Reference
    _terminateio                              - Undefined Weak Reference
    __Vectors_Size                           0x00000150   Number         0  startup_stm32f105xc.o ABSOLUTE
    __Vectors                                0x08000000   Data           4  startup_stm32f105xc.o(RESET)
    __Vectors_End                            0x08000150   Data           0  startup_stm32f105xc.o(RESET)
    __main                                   0x08000151   Thumb Code     8  __main.o(!!!main)
    __scatterload                            0x08000159   Thumb Code     0  __scatter.o(!!!scatter)
    __scatterload_rt2                        0x08000159   Thumb Code    44  __scatter.o(!!!scatter)
    __scatterload_rt2_thumb_only             0x08000159   Thumb Code     0  __scatter.o(!!!scatter)
    __scatterload_null                       0x08000167   Thumb Code     0  __scatter.o(!!!scatter)
    __scatterload_copy                       0x0800018d   Thumb Code    26  __scatter_copy.o(!!handler_copy)
    __scatterload_zeroinit                   0x080001a9   Thumb Code    28  __scatter_zi.o(!!handler_zi)
    __rt_lib_init                            0x080001c5   Thumb Code     0  libinit.o(.ARM.Collect$$libinit$$00000000)
    __rt_lib_init_alloca_1                   0x080001c7   Thumb Code     0  libinit2.o(.ARM.Collect$$libinit$$0000002E)
    __rt_lib_init_argv_1                     0x080001c7   Thumb Code     0  libinit2.o(.ARM.Collect$$libinit$$0000002C)
    __rt_lib_init_atexit_1                   0x080001c7   Thumb Code     0  libinit2.o(.ARM.Collect$$libinit$$0000001B)
    __rt_lib_init_clock_1                    0x080001c7   Thumb Code     0  libinit2.o(.ARM.Collect$$libinit$$00000021)
    __rt_lib_init_cpp_1                      0x080001c7   Thumb Code     0  libinit2.o(.ARM.Collect$$libinit$$00000032)
    __rt_lib_init_exceptions_1               0x080001c7   Thumb Code     0  libinit2.o(.ARM.Collect$$libinit$$00000030)
    __rt_lib_init_fp_1                       0x080001c7   Thumb Code     0  libinit2.o(.ARM.Collect$$libinit$$00000002)
    __rt_lib_init_fp_trap_1                  0x080001c7   Thumb Code     0  libinit2.o(.ARM.Collect$$libinit$$0000001F)
    __rt_lib_init_getenv_1                   0x080001c7   Thumb Code     0  libinit2.o(.ARM.Collect$$libinit$$00000023)
    __rt_lib_init_heap_1                     0x080001c7   Thumb Code     0  libinit2.o(.ARM.Collect$$libinit$$0000000A)
    __rt_lib_init_lc_collate_1               0x080001c7   Thumb Code     0  libinit2.o(.ARM.Collect$$libinit$$00000011)
    __rt_lib_init_lc_ctype_1                 0x080001c7   Thumb Code     0  libinit2.o(.ARM.Collect$$libinit$$00000013)
    __rt_lib_init_lc_monetary_1              0x080001c7   Thumb Code     0  libinit2.o(.ARM.Collect$$libinit$$00000015)
    __rt_lib_init_lc_numeric_1               0x080001c7   Thumb Code     0  libinit2.o(.ARM.Collect$$libinit$$00000017)
    __rt_lib_init_lc_time_1                  0x080001c7   Thumb Code     0  libinit2.o(.ARM.Collect$$libinit$$00000019)
    __rt_lib_init_preinit_1                  0x080001c7   Thumb Code     0  libinit2.o(.ARM.Collect$$libinit$$00000004)
    __rt_lib_init_rand_1                     0x080001c7   Thumb Code     0  libinit2.o(.ARM.Collect$$libinit$$0000000E)
    __rt_lib_init_return                     0x080001c7   Thumb Code     0  libinit2.o(.ARM.Collect$$libinit$$00000033)
    __rt_lib_init_signal_1                   0x080001c7   Thumb Code     0  libinit2.o(.ARM.Collect$$libinit$$0000001D)
    __rt_lib_init_stdio_1                    0x080001c7   Thumb Code     0  libinit2.o(.ARM.Collect$$libinit$$00000025)
    __rt_lib_init_user_alloc_1               0x080001c7   Thumb Code     0  libinit2.o(.ARM.Collect$$libinit$$0000000C)
    __rt_lib_shutdown                        0x080001c9   Thumb Code     0  libshutdown.o(.ARM.Collect$$libshutdown$$00000000)
    __rt_lib_shutdown_cpp_1                  0x080001cb   Thumb Code     0  libshutdown2.o(.ARM.Collect$$libshutdown$$00000002)
    __rt_lib_shutdown_fp_trap_1              0x080001cb   Thumb Code     0  libshutdown2.o(.ARM.Collect$$libshutdown$$00000007)
    __rt_lib_shutdown_heap_1                 0x080001cb   Thumb Code     0  libshutdown2.o(.ARM.Collect$$libshutdown$$0000000F)
    __rt_lib_shutdown_return                 0x080001cb   Thumb Code     0  libshutdown2.o(.ARM.Collect$$libshutdown$$00000010)
    __rt_lib_shutdown_signal_1               0x080001cb   Thumb Code     0  libshutdown2.o(.ARM.Collect$$libshutdown$$0000000A)
    __rt_lib_shutdown_stdio_1                0x080001cb   Thumb Code     0  libshutdown2.o(.ARM.Collect$$libshutdown$$00000004)
    __rt_lib_shutdown_user_alloc_1           0x080001cb   Thumb Code     0  libshutdown2.o(.ARM.Collect$$libshutdown$$0000000C)
    __rt_entry                               0x080001cd   Thumb Code     0  __rtentry.o(.ARM.Collect$$rtentry$$00000000)
    __rt_entry_presh_1                       0x080001cd   Thumb Code     0  __rtentry2.o(.ARM.Collect$$rtentry$$00000002)
    __rt_entry_sh                            0x080001cd   Thumb Code     0  __rtentry4.o(.ARM.Collect$$rtentry$$00000004)
    __rt_entry_li                            0x080001d3   Thumb Code     0  __rtentry2.o(.ARM.Collect$$rtentry$$0000000A)
    __rt_entry_postsh_1                      0x080001d3   Thumb Code     0  __rtentry2.o(.ARM.Collect$$rtentry$$00000009)
    __rt_entry_main                          0x080001d7   Thumb Code     0  __rtentry2.o(.ARM.Collect$$rtentry$$0000000D)
    __rt_entry_postli_1                      0x080001d7   Thumb Code     0  __rtentry2.o(.ARM.Collect$$rtentry$$0000000C)
    __rt_exit                                0x080001df   Thumb Code     0  rtexit.o(.ARM.Collect$$rtexit$$00000000)
    __rt_exit_ls                             0x080001e1   Thumb Code     0  rtexit2.o(.ARM.Collect$$rtexit$$00000003)
    __rt_exit_prels_1                        0x080001e1   Thumb Code     0  rtexit2.o(.ARM.Collect$$rtexit$$00000002)
    __rt_exit_exit                           0x080001e5   Thumb Code     0  rtexit2.o(.ARM.Collect$$rtexit$$00000004)
    Reset_Handler                            0x080001ed   Thumb Code     8  startup_stm32f105xc.o(.text)
    ADC1_2_IRQHandler                        0x08000207   Thumb Code     0  startup_stm32f105xc.o(.text)
    CAN1_SCE_IRQHandler                      0x08000207   Thumb Code     0  startup_stm32f105xc.o(.text)
    CAN1_TX_IRQHandler                       0x08000207   Thumb Code     0  startup_stm32f105xc.o(.text)
    CAN2_SCE_IRQHandler                      0x08000207   Thumb Code     0  startup_stm32f105xc.o(.text)
    CAN2_TX_IRQHandler                       0x08000207   Thumb Code     0  startup_stm32f105xc.o(.text)
    DMA1_Channel1_IRQHandler                 0x08000207   Thumb Code     0  startup_stm32f105xc.o(.text)
    DMA1_Channel2_IRQHandler                 0x08000207   Thumb Code     0  startup_stm32f105xc.o(.text)
    DMA1_Channel3_IRQHandler                 0x08000207   Thumb Code     0  startup_stm32f105xc.o(.text)
    DMA1_Channel4_IRQHandler                 0x08000207   Thumb Code     0  startup_stm32f105xc.o(.text)
    DMA1_Channel5_IRQHandler                 0x08000207   Thumb Code     0  startup_stm32f105xc.o(.text)
    DMA2_Channel1_IRQHandler                 0x08000207   Thumb Code     0  startup_stm32f105xc.o(.text)
    DMA2_Channel2_IRQHandler                 0x08000207   Thumb Code     0  startup_stm32f105xc.o(.text)
    DMA2_Channel3_IRQHandler                 0x08000207   Thumb Code     0  startup_stm32f105xc.o(.text)
    DMA2_Channel4_IRQHandler                 0x08000207   Thumb Code     0  startup_stm32f105xc.o(.text)
    DMA2_Channel5_IRQHandler                 0x08000207   Thumb Code     0  startup_stm32f105xc.o(.text)
    EXTI0_IRQHandler                         0x08000207   Thumb Code     0  startup_stm32f105xc.o(.text)
    EXTI15_10_IRQHandler                     0x08000207   Thumb Code     0  startup_stm32f105xc.o(.text)
    EXTI1_IRQHandler                         0x08000207   Thumb Code     0  startup_stm32f105xc.o(.text)
    EXTI2_IRQHandler                         0x08000207   Thumb Code     0  startup_stm32f105xc.o(.text)
    EXTI3_IRQHandler                         0x08000207   Thumb Code     0  startup_stm32f105xc.o(.text)
    EXTI4_IRQHandler                         0x08000207   Thumb Code     0  startup_stm32f105xc.o(.text)
    EXTI9_5_IRQHandler                       0x08000207   Thumb Code     0  startup_stm32f105xc.o(.text)
    FLASH_IRQHandler                         0x08000207   Thumb Code     0  startup_stm32f105xc.o(.text)
    I2C1_ER_IRQHandler                       0x08000207   Thumb Code     0  startup_stm32f105xc.o(.text)
    I2C1_EV_IRQHandler                       0x08000207   Thumb Code     0  startup_stm32f105xc.o(.text)
    I2C2_ER_IRQHandler                       0x08000207   Thumb Code     0  startup_stm32f105xc.o(.text)
    I2C2_EV_IRQHandler                       0x08000207   Thumb Code     0  startup_stm32f105xc.o(.text)
    OTG_FS_IRQHandler                        0x08000207   Thumb Code     0  startup_stm32f105xc.o(.text)
    OTG_FS_WKUP_IRQHandler                   0x08000207   Thumb Code     0  startup_stm32f105xc.o(.text)
    PVD_IRQHandler                           0x08000207   Thumb Code     0  startup_stm32f105xc.o(.text)
    RCC_IRQHandler                           0x08000207   Thumb Code     0  startup_stm32f105xc.o(.text)
    RTC_Alarm_IRQHandler                     0x08000207   Thumb Code     0  startup_stm32f105xc.o(.text)
    RTC_IRQHandler                           0x08000207   Thumb Code     0  startup_stm32f105xc.o(.text)
    SPI1_IRQHandler                          0x08000207   Thumb Code     0  startup_stm32f105xc.o(.text)
    SPI2_IRQHandler                          0x08000207   Thumb Code     0  startup_stm32f105xc.o(.text)
    SPI3_IRQHandler                          0x08000207   Thumb Code     0  startup_stm32f105xc.o(.text)
    TAMPER_IRQHandler                        0x08000207   Thumb Code     0  startup_stm32f105xc.o(.text)
    TIM1_BRK_IRQHandler                      0x08000207   Thumb Code     0  startup_stm32f105xc.o(.text)
    TIM1_CC_IRQHandler                       0x08000207   Thumb Code     0  startup_stm32f105xc.o(.text)
    TIM1_TRG_COM_IRQHandler                  0x08000207   Thumb Code     0  startup_stm32f105xc.o(.text)
    TIM2_IRQHandler                          0x08000207   Thumb Code     0  startup_stm32f105xc.o(.text)
    TIM4_IRQHandler                          0x08000207   Thumb Code     0  startup_stm32f105xc.o(.text)
    TIM5_IRQHandler                          0x08000207   Thumb Code     0  startup_stm32f105xc.o(.text)
    TIM6_IRQHandler                          0x08000207   Thumb Code     0  startup_stm32f105xc.o(.text)
    TIM7_IRQHandler                          0x08000207   Thumb Code     0  startup_stm32f105xc.o(.text)
    UART4_IRQHandler                         0x08000207   Thumb Code     0  startup_stm32f105xc.o(.text)
    UART5_IRQHandler                         0x08000207   Thumb Code     0  startup_stm32f105xc.o(.text)
    USART1_IRQHandler                        0x08000207   Thumb Code     0  startup_stm32f105xc.o(.text)
    USART2_IRQHandler                        0x08000207   Thumb Code     0  startup_stm32f105xc.o(.text)
    USART3_IRQHandler                        0x08000207   Thumb Code     0  startup_stm32f105xc.o(.text)
    WWDG_IRQHandler                          0x08000207   Thumb Code     0  startup_stm32f105xc.o(.text)
    __user_initial_stackheap                 0x08000209   Thumb Code     0  startup_stm32f105xc.o(.text)
    __aeabi_uldivmod                         0x0800022d   Thumb Code     0  lludivv7m.o(.text)
    _ll_udiv                                 0x0800022d   Thumb Code   238  lludivv7m.o(.text)
    __aeabi_memcpy                           0x0800031b   Thumb Code     0  rt_memcpy_v6.o(.text)
    __rt_memcpy                              0x0800031b   Thumb Code   138  rt_memcpy_v6.o(.text)
    _memcpy_lastbytes                        0x08000381   Thumb Code     0  rt_memcpy_v6.o(.text)
    __aeabi_memcpy4                          0x080003a5   Thumb Code     0  rt_memcpy_w.o(.text)
    __aeabi_memcpy8                          0x080003a5   Thumb Code     0  rt_memcpy_w.o(.text)
    __rt_memcpy_w                            0x080003a5   Thumb Code   100  rt_memcpy_w.o(.text)
    _memcpy_lastbytes_aligned                0x080003ed   Thumb Code     0  rt_memcpy_w.o(.text)
    __aeabi_memclr4                          0x08000409   Thumb Code     0  rt_memclr_w.o(.text)
    __aeabi_memclr8                          0x08000409   Thumb Code     0  rt_memclr_w.o(.text)
    __rt_memclr_w                            0x08000409   Thumb Code    78  rt_memclr_w.o(.text)
    _memset_w                                0x0800040d   Thumb Code     0  rt_memclr_w.o(.text)
    __use_two_region_memory                  0x08000457   Thumb Code     2  heapauxi.o(.text)
    __rt_heap_escrow$2region                 0x08000459   Thumb Code     2  heapauxi.o(.text)
    __rt_heap_expand$2region                 0x0800045b   Thumb Code     2  heapauxi.o(.text)
    __user_libspace                          0x0800045d   Thumb Code     8  libspace.o(.text)
    __user_perproc_libspace                  0x0800045d   Thumb Code     0  libspace.o(.text)
    __user_perthread_libspace                0x0800045d   Thumb Code     0  libspace.o(.text)
    __user_setup_stackheap                   0x08000465   Thumb Code    74  sys_stackheap_outer.o(.text)
    exit                                     0x080004af   Thumb Code    18  exit.o(.text)
    _sys_exit                                0x080004c1   Thumb Code     8  sys_exit.o(.text)
    __I$use$semihosting                      0x080004cd   Thumb Code     0  use_no_semi.o(.text)
    __use_no_semihosting_swi                 0x080004cd   Thumb Code     2  use_no_semi.o(.text)
    BusFault_Handler                         0x080004cf   Thumb Code     2  stm32f1xx_it.o(i.BusFault_Handler)
    __semihosting_library_function           0x080004cf   Thumb Code     0  indicate_semi.o(.text)
    CAN1_RX0_IRQHandler                      0x080004d1   Thumb Code     6  stm32f1xx_it.o(i.CAN1_RX0_IRQHandler)
    CAN1_RX1_IRQHandler                      0x080004dd   Thumb Code     6  stm32f1xx_it.o(i.CAN1_RX1_IRQHandler)
    CAN2_RX0_IRQHandler                      0x080004e9   Thumb Code     6  stm32f1xx_it.o(i.CAN2_RX0_IRQHandler)
    CAN2_RX1_IRQHandler                      0x080004f5   Thumb Code     6  stm32f1xx_it.o(i.CAN2_RX1_IRQHandler)
    DMA1_Channel6_IRQHandler                 0x08000501   Thumb Code    68  refree.o(i.DMA1_Channel6_IRQHandler)
    DMA1_Channel7_IRQHandler                 0x0800055d   Thumb Code     6  stm32f1xx_it.o(i.DMA1_Channel7_IRQHandler)
    DebugMon_Handler                         0x08000595   Thumb Code     2  stm32f1xx_it.o(i.DebugMon_Handler)
    Error_Handler                            0x08000597   Thumb Code     4  main.o(i.Error_Handler)
    Get_CRC16_Check_Sum                      0x0800059d   Thumb Code    44  algorithmofcrc.o(i.Get_CRC16_Check_Sum)
    Get_CRC8_Check_Sum                       0x080005cd   Thumb Code    24  algorithmofcrc.o(i.Get_CRC8_Check_Sum)
    HAL_CAN_ActivateNotification             0x080005e9   Thumb Code    36  stm32f1xx_hal_can.o(i.HAL_CAN_ActivateNotification)
    HAL_CAN_AddTxMessage                     0x0800060d   Thumb Code   226  stm32f1xx_hal_can.o(i.HAL_CAN_AddTxMessage)
    HAL_CAN_ConfigFilter                     0x080006f1   Thumb Code   266  stm32f1xx_hal_can.o(i.HAL_CAN_ConfigFilter)
    HAL_CAN_ErrorCallback                    0x08000801   Thumb Code     2  stm32f1xx_hal_can.o(i.HAL_CAN_ErrorCallback)
    HAL_CAN_GetRxMessage                     0x08000803   Thumb Code   274  stm32f1xx_hal_can.o(i.HAL_CAN_GetRxMessage)
    HAL_CAN_GetTxMailboxesFreeLevel          0x08000915   Thumb Code    44  stm32f1xx_hal_can.o(i.HAL_CAN_GetTxMailboxesFreeLevel)
    HAL_CAN_IRQHandler                       0x08000941   Thumb Code   508  stm32f1xx_hal_can.o(i.HAL_CAN_IRQHandler)
    HAL_CAN_Init                             0x08000b3d   Thumb Code   338  stm32f1xx_hal_can.o(i.HAL_CAN_Init)
    HAL_CAN_MspInit                          0x08000c91   Thumb Code   286  can.o(i.HAL_CAN_MspInit)
    HAL_CAN_RxFifo0FullCallback              0x08000dc9   Thumb Code     2  stm32f1xx_hal_can.o(i.HAL_CAN_RxFifo0FullCallback)
    HAL_CAN_RxFifo0MsgPendingCallback        0x08000dcd   Thumb Code   148  can_bsp.o(i.HAL_CAN_RxFifo0MsgPendingCallback)
    HAL_CAN_RxFifo1FullCallback              0x08000e81   Thumb Code     2  stm32f1xx_hal_can.o(i.HAL_CAN_RxFifo1FullCallback)
    HAL_CAN_RxFifo1MsgPendingCallback        0x08000e85   Thumb Code   148  can_bsp.o(i.HAL_CAN_RxFifo1MsgPendingCallback)
    HAL_CAN_SleepCallback                    0x08000f35   Thumb Code     2  stm32f1xx_hal_can.o(i.HAL_CAN_SleepCallback)
    HAL_CAN_Start                            0x08000f37   Thumb Code    88  stm32f1xx_hal_can.o(i.HAL_CAN_Start)
    HAL_CAN_TxMailbox0AbortCallback          0x08000f8f   Thumb Code     2  stm32f1xx_hal_can.o(i.HAL_CAN_TxMailbox0AbortCallback)
    HAL_CAN_TxMailbox0CompleteCallback       0x08000f91   Thumb Code     2  stm32f1xx_hal_can.o(i.HAL_CAN_TxMailbox0CompleteCallback)
    HAL_CAN_TxMailbox1AbortCallback          0x08000f93   Thumb Code     2  stm32f1xx_hal_can.o(i.HAL_CAN_TxMailbox1AbortCallback)
    HAL_CAN_TxMailbox1CompleteCallback       0x08000f95   Thumb Code     2  stm32f1xx_hal_can.o(i.HAL_CAN_TxMailbox1CompleteCallback)
    HAL_CAN_TxMailbox2AbortCallback          0x08000f97   Thumb Code     2  stm32f1xx_hal_can.o(i.HAL_CAN_TxMailbox2AbortCallback)
    HAL_CAN_TxMailbox2CompleteCallback       0x08000f99   Thumb Code     2  stm32f1xx_hal_can.o(i.HAL_CAN_TxMailbox2CompleteCallback)
    HAL_CAN_WakeUpFromRxMsgCallback          0x08000f9b   Thumb Code     2  stm32f1xx_hal_can.o(i.HAL_CAN_WakeUpFromRxMsgCallback)
    HAL_DMA_Abort                            0x08000f9d   Thumb Code    70  stm32f1xx_hal_dma.o(i.HAL_DMA_Abort)
    HAL_DMA_GetState                         0x08000fe3   Thumb Code     6  stm32f1xx_hal_dma.o(i.HAL_DMA_GetState)
    HAL_DMA_IRQHandler                       0x08000fe9   Thumb Code   640  stm32f1xx_hal_dma.o(i.HAL_DMA_IRQHandler)
    HAL_DMA_Init                             0x08001289   Thumb Code   116  stm32f1xx_hal_dma.o(i.HAL_DMA_Init)
    HAL_DMA_Start_IT                         0x08001309   Thumb Code   116  stm32f1xx_hal_dma.o(i.HAL_DMA_Start_IT)
    HAL_GPIO_Init                            0x0800137d   Thumb Code   464  stm32f1xx_hal_gpio.o(i.HAL_GPIO_Init)
    HAL_GPIO_WritePin                        0x0800156d   Thumb Code    14  stm32f1xx_hal_gpio.o(i.HAL_GPIO_WritePin)
    HAL_GetTick                              0x0800157d   Thumb Code     6  stm32f1xx_hal.o(i.HAL_GetTick)
    HAL_IncTick                              0x08001589   Thumb Code    12  stm32f1xx_hal.o(i.HAL_IncTick)
    HAL_Init                                 0x08001599   Thumb Code    32  stm32f1xx_hal.o(i.HAL_Init)
    HAL_InitTick                             0x080015bd   Thumb Code    58  stm32f1xx_hal.o(i.HAL_InitTick)
    HAL_MspInit                              0x08001601   Thumb Code    52  stm32f1xx_hal_msp.o(i.HAL_MspInit)
    HAL_NVIC_EnableIRQ                       0x0800163d   Thumb Code    26  stm32f1xx_hal_cortex.o(i.HAL_NVIC_EnableIRQ)
    HAL_NVIC_SetPriority                     0x08001659   Thumb Code    60  stm32f1xx_hal_cortex.o(i.HAL_NVIC_SetPriority)
    HAL_NVIC_SetPriorityGrouping             0x08001699   Thumb Code    26  stm32f1xx_hal_cortex.o(i.HAL_NVIC_SetPriorityGrouping)
    HAL_RCC_ClockConfig                      0x080016bd   Thumb Code   318  stm32f1xx_hal_rcc.o(i.HAL_RCC_ClockConfig)
    HAL_RCC_GetHCLKFreq                      0x08001811   Thumb Code     6  stm32f1xx_hal_rcc.o(i.HAL_RCC_GetHCLKFreq)
    HAL_RCC_GetPCLK1Freq                     0x0800181d   Thumb Code    22  stm32f1xx_hal_rcc.o(i.HAL_RCC_GetPCLK1Freq)
    HAL_RCC_GetPCLK2Freq                     0x0800183d   Thumb Code    22  stm32f1xx_hal_rcc.o(i.HAL_RCC_GetPCLK2Freq)
    HAL_RCC_GetSysClockFreq                  0x0800185d   Thumb Code   122  stm32f1xx_hal_rcc.o(i.HAL_RCC_GetSysClockFreq)
    HAL_RCC_OscConfig                        0x080018e9   Thumb Code  1108  stm32f1xx_hal_rcc.o(i.HAL_RCC_OscConfig)
    HAL_SYSTICK_Config                       0x08001d3d   Thumb Code    40  stm32f1xx_hal_cortex.o(i.HAL_SYSTICK_Config)
    HAL_TIMEx_BreakCallback                  0x08001d65   Thumb Code     2  stm32f1xx_hal_tim_ex.o(i.HAL_TIMEx_BreakCallback)
    HAL_TIMEx_CommutCallback                 0x08001d67   Thumb Code     2  stm32f1xx_hal_tim_ex.o(i.HAL_TIMEx_CommutCallback)
    HAL_TIMEx_ConfigBreakDeadTime            0x08001d69   Thumb Code    84  stm32f1xx_hal_tim_ex.o(i.HAL_TIMEx_ConfigBreakDeadTime)
    HAL_TIMEx_MasterConfigSynchronization    0x08001dbd   Thumb Code    96  stm32f1xx_hal_tim_ex.o(i.HAL_TIMEx_MasterConfigSynchronization)
    HAL_TIM_Base_Init                        0x08001e2d   Thumb Code    74  stm32f1xx_hal_tim.o(i.HAL_TIM_Base_Init)
    HAL_TIM_Base_MspInit                     0x08001e79   Thumb Code    92  tim.o(i.HAL_TIM_Base_MspInit)
    HAL_TIM_Base_Start_IT                    0x08001ee1   Thumb Code    92  stm32f1xx_hal_tim.o(i.HAL_TIM_Base_Start_IT)
    HAL_TIM_ConfigClockSource                0x08001f4d   Thumb Code   232  stm32f1xx_hal_tim.o(i.HAL_TIM_ConfigClockSource)
    HAL_TIM_IC_CaptureCallback               0x08002035   Thumb Code     2  stm32f1xx_hal_tim.o(i.HAL_TIM_IC_CaptureCallback)
    HAL_TIM_IRQHandler                       0x08002037   Thumb Code   312  stm32f1xx_hal_tim.o(i.HAL_TIM_IRQHandler)
    HAL_TIM_MspPostInit                      0x08002171   Thumb Code    64  tim.o(i.HAL_TIM_MspPostInit)
    HAL_TIM_OC_DelayElapsedCallback          0x080021bd   Thumb Code     2  stm32f1xx_hal_tim.o(i.HAL_TIM_OC_DelayElapsedCallback)
    HAL_TIM_PWM_ConfigChannel                0x080021bf   Thumb Code   216  stm32f1xx_hal_tim.o(i.HAL_TIM_PWM_ConfigChannel)
    HAL_TIM_PWM_Init                         0x08002297   Thumb Code    74  stm32f1xx_hal_tim.o(i.HAL_TIM_PWM_Init)
    HAL_TIM_PWM_MspInit                      0x080022e1   Thumb Code     2  stm32f1xx_hal_tim.o(i.HAL_TIM_PWM_MspInit)
    HAL_TIM_PWM_PulseFinishedCallback        0x080022e3   Thumb Code     2  stm32f1xx_hal_tim.o(i.HAL_TIM_PWM_PulseFinishedCallback)
    HAL_TIM_PWM_Start                        0x080022e5   Thumb Code   166  stm32f1xx_hal_tim.o(i.HAL_TIM_PWM_Start)
    HAL_TIM_PWM_Stop                         0x0800239d   Thumb Code   110  stm32f1xx_hal_tim.o(i.HAL_TIM_PWM_Stop)
    HAL_TIM_PeriodElapsedCallback            0x08002411   Thumb Code    54  task_scheduler.o(i.HAL_TIM_PeriodElapsedCallback)
    HAL_TIM_TriggerCallback                  0x08002451   Thumb Code     2  stm32f1xx_hal_tim.o(i.HAL_TIM_TriggerCallback)
    HAL_UARTEx_RxEventCallback               0x08002453   Thumb Code     2  stm32f1xx_hal_uart.o(i.HAL_UARTEx_RxEventCallback)
    HAL_UART_DMAStop                         0x08002455   Thumb Code   112  stm32f1xx_hal_uart.o(i.HAL_UART_DMAStop)
    HAL_UART_ErrorCallback                   0x080024c5   Thumb Code     2  stm32f1xx_hal_uart.o(i.HAL_UART_ErrorCallback)
    HAL_UART_Init                            0x080024c7   Thumb Code   102  stm32f1xx_hal_uart.o(i.HAL_UART_Init)
    HAL_UART_MspInit                         0x0800252d   Thumb Code   192  usart.o(i.HAL_UART_MspInit)
    HAL_UART_Receive_DMA                     0x08002601   Thumb Code    28  stm32f1xx_hal_uart.o(i.HAL_UART_Receive_DMA)
    HAL_UART_RxCpltCallback                  0x0800261d   Thumb Code     2  stm32f1xx_hal_uart.o(i.HAL_UART_RxCpltCallback)
    HAL_UART_RxHalfCpltCallback              0x0800261f   Thumb Code     2  stm32f1xx_hal_uart.o(i.HAL_UART_RxHalfCpltCallback)
    HardFault_Handler                        0x08002621   Thumb Code    64  stm32f1xx_it.o(i.HardFault_Handler)
    JudgeBuffReceive                         0x08002665   Thumb Code   304  refree.o(i.JudgeBuffReceive)
    M3508_Init                               0x080027a1   Thumb Code    28  m3508.o(i.M3508_Init)
    M3508_command_transmit                   0x080027c9   Thumb Code   214  m3508_bsp.o(i.M3508_command_transmit)
    M3508_feedback_handler                   0x080028a1   Thumb Code    24  m3508.o(i.M3508_feedback_handler)
    M3508_feedback_process                   0x080028bd   Thumb Code   118  m3508_bsp.o(i.M3508_feedback_process)
    M3508_from_lsb_to_position_deg           0x08002935   Thumb Code    22  m3508_bsp.o(i.M3508_from_lsb_to_position_deg)
    M3508_from_lsb_to_position_rad           0x08002955   Thumb Code    38  m3508_bsp.o(i.M3508_from_lsb_to_position_rad)
    M3508_from_lsb_to_torque_current         0x08002989   Thumb Code    24  m3508_bsp.o(i.M3508_from_lsb_to_torque_current)
    M3508_from_torque_current_to_torque      0x080029a5   Thumb Code    24  m3508_bsp.o(i.M3508_from_torque_current_to_torque)
    M3508_gear_command_transmit              0x080029c1   Thumb Code    12  m3508_gear_bsp.o(i.M3508_gear_command_transmit)
    M3508_gear_feedback_handler              0x080029cd   Thumb Code    40  m3508_gear.o(i.M3508_gear_feedback_handler)
    M3508_gear_feedback_process              0x080029fd   Thumb Code   174  m3508_gear_bsp.o(i.M3508_gear_feedback_process)
    M3508_gear_parameter_init                0x08002ab5   Thumb Code    28  m3508_gear.o(i.M3508_gear_parameter_init)
    M3508_gear_set_torque_current_lsb        0x08002ad1   Thumb Code    40  m3508_gear.o(i.M3508_gear_set_torque_current_lsb)
    M3508_set_single_motor_current           0x08002af9   Thumb Code    52  m3508.o(i.M3508_set_single_motor_current)
    MX_CAN1_Init                             0x08002b31   Thumb Code    60  can.o(i.MX_CAN1_Init)
    MX_CAN2_Init                             0x08002b75   Thumb Code    60  can.o(i.MX_CAN2_Init)
    MX_DMA_Init                              0x08002bb9   Thumb Code    56  dma.o(i.MX_DMA_Init)
    MX_GPIO_Init                             0x08002bf5   Thumb Code   102  gpio.o(i.MX_GPIO_Init)
    MX_TIM1_Init                             0x08002c65   Thumb Code   210  tim.o(i.MX_TIM1_Init)
    MX_TIM3_Init                             0x08002d41   Thumb Code    94  tim.o(i.MX_TIM3_Init)
    MX_USART2_UART_Init                      0x08002da9   Thumb Code    68  usart.o(i.MX_USART2_UART_Init)
    Math_Int_To_Float                        0x08002df5   Thumb Code    58  steering_communication.o(i.Math_Int_To_Float)
    MemManage_Handler                        0x08002e2f   Thumb Code     2  stm32f1xx_it.o(i.MemManage_Handler)
    NMI_Handler                              0x08002e31   Thumb Code     2  stm32f1xx_it.o(i.NMI_Handler)
    PID_Controller                           0x08002e33   Thumb Code    68  pid_regulator.o(i.PID_Controller)
    PID_HandleInit                           0x08002e77   Thumb Code    20  pid_regulator.o(i.PID_HandleInit)
    PI_Controller                            0x08002e8d   Thumb Code   116  pid_regulator.o(i.PI_Controller)
    PendSV_Handler                           0x08002f05   Thumb Code     2  stm32f1xx_it.o(i.PendSV_Handler)
    SVC_Handler                              0x08002f2d   Thumb Code     2  stm32f1xx_it.o(i.SVC_Handler)
    SW_control_task                          0x08002f31   Thumb Code    56  sw_control_task.o(i.SW_control_task)
    SW_control_task_init                     0x08002f71   Thumb Code    16  sw_control_task.o(i.SW_control_task_init)
    Steering_CheckHandleLegitimacy           0x08002f85   Thumb Code    26  steering_wheel.o(i.Steering_CheckHandleLegitimacy)
    Steering_Communication_SubscribeList_Init 0x08002fa5   Thumb Code    14  steering_communication.o(i.Steering_Communication_SubscribeList_Init)
    Steering_FindSteeringHandle_via_CANID    0x08002fb9   Thumb Code    30  steering_wheel.o(i.Steering_FindSteeringHandle_via_CANID)
    Steering_HandleListAdd                   0x08002fdd   Thumb Code    36  steering_wheel.o(i.Steering_HandleListAdd)
    Steering_Wheel_CommandTransmit           0x08003005   Thumb Code    64  steering_wheel.o(i.Steering_Wheel_CommandTransmit)
    Steering_Wheel_CommandUpdate             0x08003045   Thumb Code    38  steering_wheel.o(i.Steering_Wheel_CommandUpdate)
    Steering_Wheel_HandleInit                0x08003071   Thumb Code   174  steering_wheel.o(i.Steering_Wheel_HandleInit)
    Steering_Wheel_MotorAndEncoderFeedbackUpdate 0x08003135   Thumb Code   106  steering_wheel.o(i.Steering_Wheel_MotorAndEncoderFeedbackUpdate)
    Steering_Wheel_MotorAndEncoderStatusUpdate 0x080031a5   Thumb Code    78  steering_wheel.o(i.Steering_Wheel_MotorAndEncoderStatusUpdate)
    Steering_Wheel_MotorCommandUpdate        0x080031f5   Thumb Code   344  steering_wheel.o(i.Steering_Wheel_MotorCommandUpdate)
    Steering_Wheel_PID_HandleInit            0x08003355   Thumb Code   182  steering_wheel.o(i.Steering_Wheel_PID_HandleInit)
    Steering_Wheel_PartCommandUpdate         0x0800340b   Thumb Code    14  steering_wheel.o(i.Steering_Wheel_PartCommandUpdate)
    Steering_Wheel_PartStatusUpdate          0x08003419   Thumb Code    24  steering_wheel.o(i.Steering_Wheel_PartStatusUpdate)
    Steering_Wheel_SetEnableStatus           0x08003431   Thumb Code     4  steering_wheel.o(i.Steering_Wheel_SetEnableStatus)
    Steering_Wheel_SetProtocolArcMode        0x08003435   Thumb Code    24  steering_wheel.o(i.Steering_Wheel_SetProtocolArcMode)
    Steering_Wheel_SetProtocolDegMode        0x0800344d   Thumb Code    24  steering_wheel.o(i.Steering_Wheel_SetProtocolDegMode)
    Steering_Wheel_SetProtocolPosition       0x08003465   Thumb Code     6  steering_wheel.o(i.Steering_Wheel_SetProtocolPosition)
    Steering_Wheel_SetProtocolSpeed          0x0800346b   Thumb Code     6  steering_wheel.o(i.Steering_Wheel_SetProtocolSpeed)
    Steering_Wheel_StatusUpdate              0x08003471   Thumb Code   194  steering_wheel.o(i.Steering_Wheel_StatusUpdate)
    SysTick_Handler                          0x08003541   Thumb Code     4  stm32f1xx_it.o(i.SysTick_Handler)
    SystemClock_Config                       0x08003545   Thumb Code   100  main.o(i.SystemClock_Config)
    SystemInit                               0x080035ad   Thumb Code     2  system_stm32f1xx.o(i.SystemInit)
    TIM1_UP_IRQHandler                       0x080035b1   Thumb Code     6  stm32f1xx_it.o(i.TIM1_UP_IRQHandler)
    TIM3_IRQHandler                          0x080035bd   Thumb Code     6  stm32f1xx_it.o(i.TIM3_IRQHandler)
    TIM_Base_SetConfig                       0x080035c9   Thumb Code   118  stm32f1xx_hal_tim.o(i.TIM_Base_SetConfig)
    TIM_CCxChannelCmd                        0x08003651   Thumb Code    26  stm32f1xx_hal_tim.o(i.TIM_CCxChannelCmd)
    TIM_ETR_SetConfig                        0x0800366b   Thumb Code    20  stm32f1xx_hal_tim.o(i.TIM_ETR_SetConfig)
    TIM_OC2_SetConfig                        0x080036f1   Thumb Code    94  stm32f1xx_hal_tim.o(i.TIM_OC2_SetConfig)
    UART_Start_Receive_DMA                   0x08003a55   Thumb Code   134  stm32f1xx_hal_uart.o(i.UART_Start_Receive_DMA)
    UsageFault_Handler                       0x08003ae9   Thumb Code     2  stm32f1xx_it.o(i.UsageFault_Handler)
    Verify_CRC16_Check_Sum                   0x08003aed   Thumb Code    60  algorithmofcrc.o(i.Verify_CRC16_Check_Sum)
    Verify_CRC8_Check_Sum                    0x08003b2d   Thumb Code    46  algorithmofcrc.o(i.Verify_CRC8_Check_Sum)
    briter_encoder_Init                      0x08003b7d   Thumb Code    28  briter_encoder.o(i.briter_encoder_Init)
    briter_encoder_command_transmit          0x08003ba9   Thumb Code    28  briter_encoder_bsp.o(i.briter_encoder_command_transmit)
    briter_encoder_feedback_handler          0x08003bc5   Thumb Code     4  briter_encoder.o(i.briter_encoder_feedback_handler)
    briter_encoder_feedback_process          0x08003bc9   Thumb Code    40  briter_encoder_bsp.o(i.briter_encoder_feedback_process)
    briter_encoder_parameter_init            0x08003bf1   Thumb Code    20  briter_encoder.o(i.briter_encoder_parameter_init)
    briter_encoder_request_tatal_angle       0x08003c05   Thumb Code    42  briter_encoder.o(i.briter_encoder_request_tatal_angle)
    buzzer_handleInit                        0x08003c35   Thumb Code    38  buzzer.o(i.buzzer_handleInit)
    buzzer_init_example                      0x08003c69   Thumb Code    50  buzzer.o(i.buzzer_init_example)
    buzzer_on                                0x08003ca9   Thumb Code    12  stm32f1xx_it.o(i.buzzer_on)
    buzzer_setTask                           0x08003cb9   Thumb Code    16  buzzer.o(i.buzzer_setTask)
    can_filter_set                           0x08003cc9   Thumb Code   100  can_bsp.o(i.can_filter_set)
    main                                     0x08003d2d   Thumb Code   116  main.o(i.main)
    platform_filtter_config_setting          0x08003db5   Thumb Code   134  can_bsp.o(i.platform_filtter_config_setting)
    steering_communication_ADD_SUBSCRIBE_VALUE_handler 0x08003f05   Thumb Code   168  steering_communication.o(i.steering_communication_ADD_SUBSCRIBE_VALUE_handler)
    steering_communication_CHECK_SUBSCRIBE_LIST_handler 0x08003fb1   Thumb Code    50  steering_communication.o(i.steering_communication_CHECK_SUBSCRIBE_LIST_handler)
    steering_communication_DELETE_SUBSCRIBED_VALUE_handler 0x08003fe9   Thumb Code   112  steering_communication.o(i.steering_communication_DELETE_SUBSCRIBED_VALUE_handler)
    steering_communication_GET_PID_PARAMETER_handler 0x0800405d   Thumb Code   190  steering_communication.o(i.steering_communication_GET_PID_PARAMETER_handler)
    steering_communication_GET_PID_PARAMETER_term_handler 0x0800411b   Thumb Code   142  steering_communication.o(i.steering_communication_GET_PID_PARAMETER_term_handler)
    steering_communication_SET_DISABLE_OPERATION_MODE_handler 0x080041a9   Thumb Code    56  steering_communication.o(i.steering_communication_SET_DISABLE_OPERATION_MODE_handler)
    steering_communication_SET_ENABLE_OPERATION_MODE_handler 0x080041e1   Thumb Code    56  steering_communication.o(i.steering_communication_SET_ENABLE_OPERATION_MODE_handler)
    steering_communication_SET_PID_PARAMETER_handler 0x08004219   Thumb Code   114  steering_communication.o(i.steering_communication_SET_PID_PARAMETER_handler)
    steering_communication_SET_PID_PARAMETER_term_handler 0x0800428b   Thumb Code    80  steering_communication.o(i.steering_communication_SET_PID_PARAMETER_term_handler)
    steering_communication_SET_VELOCITY_VECTOR_handler 0x080042dd   Thumb Code    96  steering_communication.o(i.steering_communication_SET_VELOCITY_VECTOR_handler)
    steering_communication_SubscirbeList_CheckAvailable 0x08004341   Thumb Code    28  steering_communication.o(i.steering_communication_SubscirbeList_CheckAvailable)
    steering_communication_SubscirbeList_CheckRepeatability 0x0800435d   Thumb Code    30  steering_communication.o(i.steering_communication_SubscirbeList_CheckRepeatability)
    steering_communication_SubscribeList_TryDelete 0x0800437b   Thumb Code    46  steering_communication.o(i.steering_communication_SubscribeList_TryDelete)
    steering_communication_SubscribeList_TryIncert 0x080043a9   Thumb Code   104  steering_communication.o(i.steering_communication_SubscribeList_TryIncert)
    steering_communication_Subscribe_GetValueAdd 0x08004411   Thumb Code    40  steering_communication.o(i.steering_communication_Subscribe_GetValueAdd)
    steering_communication_init              0x08004439   Thumb Code    34  steering_communication.o(i.steering_communication_init)
    steering_communication_receive_unpack    0x0800446d   Thumb Code    28  steering_communication_bsp.o(i.steering_communication_receive_unpack)
    steering_communication_rx_handler        0x08004489   Thumb Code   554  steering_communication.o(i.steering_communication_rx_handler)
    steering_communication_transmit          0x080046c9   Thumb Code    26  steering_communication_bsp.o(i.steering_communication_transmit)
    __aeabi_d2f                              0x080046e5   Thumb Code     0  d2f.o(x$fpl$d2f)
    _d2f                                     0x080046e5   Thumb Code    98  d2f.o(x$fpl$d2f)
    __fpl_dcheck_NaN1                        0x08004749   Thumb Code    10  dcheck1.o(x$fpl$dcheck1)
    __aeabi_d2iz                             0x08004759   Thumb Code     0  dfix.o(x$fpl$dfix)
    _dfix                                    0x08004759   Thumb Code    94  dfix.o(x$fpl$dfix)
    __aeabi_i2d                              0x080047b7   Thumb Code     0  dflt_clz.o(x$fpl$dflt)
    _dflt                                    0x080047b7   Thumb Code    46  dflt_clz.o(x$fpl$dflt)
    __aeabi_dmul                             0x080047e5   Thumb Code     0  dmul.o(x$fpl$dmul)
    _dmul                                    0x080047e5   Thumb Code   332  dmul.o(x$fpl$dmul)
    __fpl_dnaninf                            0x08004939   Thumb Code   156  dnaninf.o(x$fpl$dnaninf)
    __fpl_dretinf                            0x080049d5   Thumb Code    12  dretinf.o(x$fpl$dretinf)
    __aeabi_f2d                              0x080049e1   Thumb Code     0  f2d.o(x$fpl$f2d)
    _f2d                                     0x080049e1   Thumb Code    86  f2d.o(x$fpl$f2d)
    __aeabi_fadd                             0x08004a39   Thumb Code     0  faddsub_clz.o(x$fpl$fadd)
    _fadd                                    0x08004a39   Thumb Code   196  faddsub_clz.o(x$fpl$fadd)
    __fpl_fcheck_NaN1                        0x08004afd   Thumb Code     6  fcheck1.o(x$fpl$fcheck1)
    __fpl_fcmp_Inf                           0x08004b09   Thumb Code    24  fcmpi.o(x$fpl$fcmpinf)
    __aeabi_fdiv                             0x08004b21   Thumb Code     0  fdiv.o(x$fpl$fdiv)
    _fdiv                                    0x08004b21   Thumb Code   384  fdiv.o(x$fpl$fdiv)
    __aeabi_cfcmpeq                          0x08004ca5   Thumb Code     0  feqf.o(x$fpl$feqf)
    _fcmpeq                                  0x08004ca5   Thumb Code   104  feqf.o(x$fpl$feqf)
    __aeabi_f2iz                             0x08004d0d   Thumb Code     0  ffix.o(x$fpl$ffix)
    _ffix                                    0x08004d0d   Thumb Code    54  ffix.o(x$fpl$ffix)
    __aeabi_f2uiz                            0x08004d45   Thumb Code     0  ffixu.o(x$fpl$ffixu)
    _ffixu                                   0x08004d45   Thumb Code    62  ffixu.o(x$fpl$ffixu)
    __aeabi_i2f                              0x08004d85   Thumb Code     0  fflt_clz.o(x$fpl$fflt)
    _fflt                                    0x08004d85   Thumb Code    48  fflt_clz.o(x$fpl$fflt)
    __aeabi_ui2f                             0x08004db5   Thumb Code     0  fflt_clz.o(x$fpl$ffltu)
    _ffltu                                   0x08004db5   Thumb Code    38  fflt_clz.o(x$fpl$ffltu)
    __aeabi_fmul                             0x08004ddd   Thumb Code     0  fmul.o(x$fpl$fmul)
    _fmul                                    0x08004ddd   Thumb Code   258  fmul.o(x$fpl$fmul)
    __fpl_fnaninf                            0x08004edf   Thumb Code   140  fnaninf.o(x$fpl$fnaninf)
    __fpl_fretinf                            0x08004f6b   Thumb Code    10  fretinf.o(x$fpl$fretinf)
    __aeabi_fsub                             0x08004f75   Thumb Code     0  faddsub_clz.o(x$fpl$fsub)
    _fsub                                    0x08004f75   Thumb Code   234  faddsub_clz.o(x$fpl$fsub)
    __fpl_return_NaN                         0x0800505f   Thumb Code   100  retnan.o(x$fpl$retnan)
    __ARM_scalbn                             0x080050c3   Thumb Code    92  scalbn.o(x$fpl$scalbn)
    __ARM_scalbnf                            0x0800511f   Thumb Code    76  scalbnf.o(x$fpl$scalbnf)
    __fpl_cmpreturn                          0x0800516b   Thumb Code    48  trapv.o(x$fpl$trapveneer)
    __I$use$fp                               0x0800519a   Number         0  usenofp.o(x$fpl$usenofp)
    AHBPrescTable                            0x080051b8   Data          16  system_stm32f1xx.o(.constdata)
    APBPrescTable                            0x080051c8   Data           8  system_stm32f1xx.o(.constdata)
    CRC8_TAB                                 0x080051d0   Data         256  algorithmofcrc.o(.constdata)
    wCRC_Table                               0x080052d0   Data         512  algorithmofcrc.o(.constdata)
    Region$$Table$$Base                      0x080054d0   Number         0  anon$$obj.o(Region$$Table)
    Region$$Table$$Limit                     0x080054f0   Number         0  anon$$obj.o(Region$$Table)
    uwTickFreq                               0x20000004   Data           1  stm32f1xx_hal.o(.data)
    uwTickPrio                               0x20000008   Data           4  stm32f1xx_hal.o(.data)
    uwTick                                   0x2000000c   Data           4  stm32f1xx_hal.o(.data)
    SystemCoreClock                          0x20000010   Data           4  system_stm32f1xx.o(.data)
    ms_count                                 0x20000014   Data           4  task_scheduler.o(.data)
    s_count                                  0x20000018   Data           4  task_scheduler.o(.data)
    total_count                              0x2000001c   Data           4  task_scheduler.o(.data)
    M3508_pTxMailbox                         0x20000020   Data           4  m3508.o(.data)
    M3508_ctx                                0x20000024   Data           8  m3508.o(.data)
    briter_encoder_pTxMailbox                0x2000002c   Data           4  briter_encoder.o(.data)
    briter_encoder_ctx                       0x20000030   Data           8  briter_encoder.o(.data)
    fill_cnt                                 0x20000038   Data           1  steering_communication.o(.data)
    steering_communication_pTxMailbox        0x2000003c   Data           4  steering_communication.o(.data)
    steering_communication_ctx               0x20000040   Data           8  steering_communication.o(.data)
    CRC_INIT                                 0x20000048   Data           2  algorithmofcrc.o(.data)
    TickCount                                0x2000004c   Data           1  refree.o(.data)
    Last_chassisPower                        0x20000050   Data           4  refree.o(.data)
    hcan1                                    0x20000054   Data          40  can.o(.bss)
    hcan2                                    0x2000007c   Data          40  can.o(.bss)
    htim1                                    0x200000a4   Data          72  tim.o(.bss)
    htim3                                    0x200000ec   Data          72  tim.o(.bss)
    rx_buffer                                0x20000134   Data          90  usart.o(.bss)
    huart2                                   0x20000190   Data          72  usart.o(.bss)
    hdma_usart2_rx                           0x200001d8   Data          68  usart.o(.bss)
    hdma_usart2_tx                           0x2000021c   Data          68  usart.o(.bss)
    steering_wheel                           0x20000260   Data         628  sw_control_task.o(.bss)
    CAN_RxHeaderStruct                       0x200004d4   Data          28  can_bsp.o(.bss)
    M3508_bus_1                              0x200004f0   Data         400  m3508.o(.bss)
    M3508_CAN_TxHeaderStruct                 0x20000680   Data          24  m3508.o(.bss)
    briter_encoder_CAN_TxHeaderStruct        0x20000698   Data          24  briter_encoder.o(.bss)
    steering_handle_list                     0x200006b0   Data          32  steering_wheel.o(.bss)
    steering_communication_CAN_TxHeaderStruct 0x200006d0   Data          24  steering_communication.o(.bss)
    steering_communication_subscribe_list    0x200006e8   Data         192  steering_communication.o(.bss)
    pack                                     0x200007a8   Data          14  steering_communication.o(.bss)
    buzzer                                   0x200007b8   Data          36  buzzer.o(.bss)
    SaveBuffer                               0x200007dc   Data          90  refree.o(.bss)
    JudgeReceive                             0x20000838   Data          44  refree.o(.bss)
    JudgeReceiveBuffer                       0x20000864   Data          45  refree.o(.bss)
    __libspace_start                         0x20000894   Data          96  libspace.o(.bss)
    __temporary_stack_top$libspace           0x200008f4   Data           0  libspace.o(.bss)



==============================================================================

Memory Map of the image

  Image Entry point : 0x08000151

  Load Region LR_IROM1 (Base: 0x08000000, Size: 0x00005544, Max: 0x00040000, ABSOLUTE)

    Execution Region ER_IROM1 (Exec base: 0x08000000, Load base: 0x08000000, Size: 0x000054f0, Max: 0x00040000, ABSOLUTE)

    Exec Addr    Load Addr    Size         Type   Attr      Idx    E Section Name        Object

    0x08000000   0x08000000   0x00000150   Data   RO            3    RESET               startup_stm32f105xc.o
    0x08000150   0x08000150   0x00000008   Code   RO         4516  * !!!main             c_w.l(__main.o)
    0x08000158   0x08000158   0x00000034   Code   RO         4816    !!!scatter          c_w.l(__scatter.o)
    0x0800018c   0x0800018c   0x0000001a   Code   RO         4818    !!handler_copy      c_w.l(__scatter_copy.o)
    0x080001a6   0x080001a6   0x00000002   PAD
    0x080001a8   0x080001a8   0x0000001c   Code   RO         4820    !!handler_zi        c_w.l(__scatter_zi.o)
    0x080001c4   0x080001c4   0x00000002   Code   RO         4687    .ARM.Collect$$libinit$$00000000  c_w.l(libinit.o)
    0x080001c6   0x080001c6   0x00000000   Code   RO         4699    .ARM.Collect$$libinit$$00000002  c_w.l(libinit2.o)
    0x080001c6   0x080001c6   0x00000000   Code   RO         4701    .ARM.Collect$$libinit$$00000004  c_w.l(libinit2.o)
    0x080001c6   0x080001c6   0x00000000   Code   RO         4704    .ARM.Collect$$libinit$$0000000A  c_w.l(libinit2.o)
    0x080001c6   0x080001c6   0x00000000   Code   RO         4706    .ARM.Collect$$libinit$$0000000C  c_w.l(libinit2.o)
    0x080001c6   0x080001c6   0x00000000   Code   RO         4708    .ARM.Collect$$libinit$$0000000E  c_w.l(libinit2.o)
    0x080001c6   0x080001c6   0x00000000   Code   RO         4711    .ARM.Collect$$libinit$$00000011  c_w.l(libinit2.o)
    0x080001c6   0x080001c6   0x00000000   Code   RO         4713    .ARM.Collect$$libinit$$00000013  c_w.l(libinit2.o)
    0x080001c6   0x080001c6   0x00000000   Code   RO         4715    .ARM.Collect$$libinit$$00000015  c_w.l(libinit2.o)
    0x080001c6   0x080001c6   0x00000000   Code   RO         4717    .ARM.Collect$$libinit$$00000017  c_w.l(libinit2.o)
    0x080001c6   0x080001c6   0x00000000   Code   RO         4719    .ARM.Collect$$libinit$$00000019  c_w.l(libinit2.o)
    0x080001c6   0x080001c6   0x00000000   Code   RO         4721    .ARM.Collect$$libinit$$0000001B  c_w.l(libinit2.o)
    0x080001c6   0x080001c6   0x00000000   Code   RO         4723    .ARM.Collect$$libinit$$0000001D  c_w.l(libinit2.o)
    0x080001c6   0x080001c6   0x00000000   Code   RO         4725    .ARM.Collect$$libinit$$0000001F  c_w.l(libinit2.o)
    0x080001c6   0x080001c6   0x00000000   Code   RO         4727    .ARM.Collect$$libinit$$00000021  c_w.l(libinit2.o)
    0x080001c6   0x080001c6   0x00000000   Code   RO         4729    .ARM.Collect$$libinit$$00000023  c_w.l(libinit2.o)
    0x080001c6   0x080001c6   0x00000000   Code   RO         4731    .ARM.Collect$$libinit$$00000025  c_w.l(libinit2.o)
    0x080001c6   0x080001c6   0x00000000   Code   RO         4735    .ARM.Collect$$libinit$$0000002C  c_w.l(libinit2.o)
    0x080001c6   0x080001c6   0x00000000   Code   RO         4737    .ARM.Collect$$libinit$$0000002E  c_w.l(libinit2.o)
    0x080001c6   0x080001c6   0x00000000   Code   RO         4739    .ARM.Collect$$libinit$$00000030  c_w.l(libinit2.o)
    0x080001c6   0x080001c6   0x00000000   Code   RO         4741    .ARM.Collect$$libinit$$00000032  c_w.l(libinit2.o)
    0x080001c6   0x080001c6   0x00000002   Code   RO         4742    .ARM.Collect$$libinit$$00000033  c_w.l(libinit2.o)
    0x080001c8   0x080001c8   0x00000002   Code   RO         4773    .ARM.Collect$$libshutdown$$00000000  c_w.l(libshutdown.o)
    0x080001ca   0x080001ca   0x00000000   Code   RO         4799    .ARM.Collect$$libshutdown$$00000002  c_w.l(libshutdown2.o)
    0x080001ca   0x080001ca   0x00000000   Code   RO         4801    .ARM.Collect$$libshutdown$$00000004  c_w.l(libshutdown2.o)
    0x080001ca   0x080001ca   0x00000000   Code   RO         4804    .ARM.Collect$$libshutdown$$00000007  c_w.l(libshutdown2.o)
    0x080001ca   0x080001ca   0x00000000   Code   RO         4807    .ARM.Collect$$libshutdown$$0000000A  c_w.l(libshutdown2.o)
    0x080001ca   0x080001ca   0x00000000   Code   RO         4809    .ARM.Collect$$libshutdown$$0000000C  c_w.l(libshutdown2.o)
    0x080001ca   0x080001ca   0x00000000   Code   RO         4812    .ARM.Collect$$libshutdown$$0000000F  c_w.l(libshutdown2.o)
    0x080001ca   0x080001ca   0x00000002   Code   RO         4813    .ARM.Collect$$libshutdown$$00000010  c_w.l(libshutdown2.o)
    0x080001cc   0x080001cc   0x00000000   Code   RO         4594    .ARM.Collect$$rtentry$$00000000  c_w.l(__rtentry.o)
    0x080001cc   0x080001cc   0x00000000   Code   RO         4646    .ARM.Collect$$rtentry$$00000002  c_w.l(__rtentry2.o)
    0x080001cc   0x080001cc   0x00000006   Code   RO         4658    .ARM.Collect$$rtentry$$00000004  c_w.l(__rtentry4.o)
    0x080001d2   0x080001d2   0x00000000   Code   RO         4648    .ARM.Collect$$rtentry$$00000009  c_w.l(__rtentry2.o)
    0x080001d2   0x080001d2   0x00000004   Code   RO         4649    .ARM.Collect$$rtentry$$0000000A  c_w.l(__rtentry2.o)
    0x080001d6   0x080001d6   0x00000000   Code   RO         4651    .ARM.Collect$$rtentry$$0000000C  c_w.l(__rtentry2.o)
    0x080001d6   0x080001d6   0x00000008   Code   RO         4652    .ARM.Collect$$rtentry$$0000000D  c_w.l(__rtentry2.o)
    0x080001de   0x080001de   0x00000002   Code   RO         4690    .ARM.Collect$$rtexit$$00000000  c_w.l(rtexit.o)
    0x080001e0   0x080001e0   0x00000000   Code   RO         4746    .ARM.Collect$$rtexit$$00000002  c_w.l(rtexit2.o)
    0x080001e0   0x080001e0   0x00000004   Code   RO         4747    .ARM.Collect$$rtexit$$00000003  c_w.l(rtexit2.o)
    0x080001e4   0x080001e4   0x00000006   Code   RO         4748    .ARM.Collect$$rtexit$$00000004  c_w.l(rtexit2.o)
    0x080001ea   0x080001ea   0x00000002   PAD
    0x080001ec   0x080001ec   0x00000040   Code   RO            4    .text               startup_stm32f105xc.o
    0x0800022c   0x0800022c   0x000000ee   Code   RO         4502    .text               c_w.l(lludivv7m.o)
    0x0800031a   0x0800031a   0x0000008a   Code   RO         4506    .text               c_w.l(rt_memcpy_v6.o)
    0x080003a4   0x080003a4   0x00000064   Code   RO         4508    .text               c_w.l(rt_memcpy_w.o)
    0x08000408   0x08000408   0x0000004e   Code   RO         4512    .text               c_w.l(rt_memclr_w.o)
    0x08000456   0x08000456   0x00000006   Code   RO         4514    .text               c_w.l(heapauxi.o)
    0x0800045c   0x0800045c   0x00000008   Code   RO         4671    .text               c_w.l(libspace.o)
    0x08000464   0x08000464   0x0000004a   Code   RO         4674    .text               c_w.l(sys_stackheap_outer.o)
    0x080004ae   0x080004ae   0x00000012   Code   RO         4676    .text               c_w.l(exit.o)
    0x080004c0   0x080004c0   0x0000000c   Code   RO         4743    .text               c_w.l(sys_exit.o)
    0x080004cc   0x080004cc   0x00000002   Code   RO         4762    .text               c_w.l(use_no_semi.o)
    0x080004ce   0x080004ce   0x00000000   Code   RO         4764    .text               c_w.l(indicate_semi.o)
    0x080004ce   0x080004ce   0x00000002   Code   RO          411    i.BusFault_Handler  stm32f1xx_it.o
    0x080004d0   0x080004d0   0x0000000c   Code   RO          412    i.CAN1_RX0_IRQHandler  stm32f1xx_it.o
    0x080004dc   0x080004dc   0x0000000c   Code   RO          413    i.CAN1_RX1_IRQHandler  stm32f1xx_it.o
    0x080004e8   0x080004e8   0x0000000c   Code   RO          414    i.CAN2_RX0_IRQHandler  stm32f1xx_it.o
    0x080004f4   0x080004f4   0x0000000c   Code   RO          415    i.CAN2_RX1_IRQHandler  stm32f1xx_it.o
    0x08000500   0x08000500   0x0000005c   Code   RO         4454    i.DMA1_Channel6_IRQHandler  refree.o
    0x0800055c   0x0800055c   0x0000000c   Code   RO          417    i.DMA1_Channel7_IRQHandler  stm32f1xx_it.o
    0x08000568   0x08000568   0x0000002c   Code   RO         1244    i.DMA_SetConfig     stm32f1xx_hal_dma.o
    0x08000594   0x08000594   0x00000002   Code   RO          418    i.DebugMon_Handler  stm32f1xx_it.o
    0x08000596   0x08000596   0x00000004   Code   RO           13    i.Error_Handler     main.o
    0x0800059a   0x0800059a   0x00000002   PAD
    0x0800059c   0x0800059c   0x00000030   Code   RO         4397    i.Get_CRC16_Check_Sum  algorithmofcrc.o
    0x080005cc   0x080005cc   0x0000001c   Code   RO         4398    i.Get_CRC8_Check_Sum  algorithmofcrc.o
    0x080005e8   0x080005e8   0x00000024   Code   RO          602    i.HAL_CAN_ActivateNotification  stm32f1xx_hal_can.o
    0x0800060c   0x0800060c   0x000000e2   Code   RO          603    i.HAL_CAN_AddTxMessage  stm32f1xx_hal_can.o
    0x080006ee   0x080006ee   0x00000002   PAD
    0x080006f0   0x080006f0   0x00000110   Code   RO          604    i.HAL_CAN_ConfigFilter  stm32f1xx_hal_can.o
    0x08000800   0x08000800   0x00000002   Code   RO          607    i.HAL_CAN_ErrorCallback  stm32f1xx_hal_can.o
    0x08000802   0x08000802   0x00000112   Code   RO          610    i.HAL_CAN_GetRxMessage  stm32f1xx_hal_can.o
    0x08000914   0x08000914   0x0000002c   Code   RO          612    i.HAL_CAN_GetTxMailboxesFreeLevel  stm32f1xx_hal_can.o
    0x08000940   0x08000940   0x000001fc   Code   RO          614    i.HAL_CAN_IRQHandler  stm32f1xx_hal_can.o
    0x08000b3c   0x08000b3c   0x00000152   Code   RO          615    i.HAL_CAN_Init      stm32f1xx_hal_can.o
    0x08000c8e   0x08000c8e   0x00000002   PAD
    0x08000c90   0x08000c90   0x00000138   Code   RO          241    i.HAL_CAN_MspInit   can.o
    0x08000dc8   0x08000dc8   0x00000002   Code   RO          622    i.HAL_CAN_RxFifo0FullCallback  stm32f1xx_hal_can.o
    0x08000dca   0x08000dca   0x00000002   PAD
    0x08000dcc   0x08000dcc   0x000000b4   Code   RO         3451    i.HAL_CAN_RxFifo0MsgPendingCallback  can_bsp.o
    0x08000e80   0x08000e80   0x00000002   Code   RO          624    i.HAL_CAN_RxFifo1FullCallback  stm32f1xx_hal_can.o
    0x08000e82   0x08000e82   0x00000002   PAD
    0x08000e84   0x08000e84   0x000000b0   Code   RO         3452    i.HAL_CAN_RxFifo1MsgPendingCallback  can_bsp.o
    0x08000f34   0x08000f34   0x00000002   Code   RO          626    i.HAL_CAN_SleepCallback  stm32f1xx_hal_can.o
    0x08000f36   0x08000f36   0x00000058   Code   RO          627    i.HAL_CAN_Start     stm32f1xx_hal_can.o
    0x08000f8e   0x08000f8e   0x00000002   Code   RO          629    i.HAL_CAN_TxMailbox0AbortCallback  stm32f1xx_hal_can.o
    0x08000f90   0x08000f90   0x00000002   Code   RO          630    i.HAL_CAN_TxMailbox0CompleteCallback  stm32f1xx_hal_can.o
    0x08000f92   0x08000f92   0x00000002   Code   RO          631    i.HAL_CAN_TxMailbox1AbortCallback  stm32f1xx_hal_can.o
    0x08000f94   0x08000f94   0x00000002   Code   RO          632    i.HAL_CAN_TxMailbox1CompleteCallback  stm32f1xx_hal_can.o
    0x08000f96   0x08000f96   0x00000002   Code   RO          633    i.HAL_CAN_TxMailbox2AbortCallback  stm32f1xx_hal_can.o
    0x08000f98   0x08000f98   0x00000002   Code   RO          634    i.HAL_CAN_TxMailbox2CompleteCallback  stm32f1xx_hal_can.o
    0x08000f9a   0x08000f9a   0x00000002   Code   RO          636    i.HAL_CAN_WakeUpFromRxMsgCallback  stm32f1xx_hal_can.o
    0x08000f9c   0x08000f9c   0x00000046   Code   RO         1245    i.HAL_DMA_Abort     stm32f1xx_hal_dma.o
    0x08000fe2   0x08000fe2   0x00000006   Code   RO         1249    i.HAL_DMA_GetState  stm32f1xx_hal_dma.o
    0x08000fe8   0x08000fe8   0x000002a0   Code   RO         1250    i.HAL_DMA_IRQHandler  stm32f1xx_hal_dma.o
    0x08001288   0x08001288   0x00000080   Code   RO         1251    i.HAL_DMA_Init      stm32f1xx_hal_dma.o
    0x08001308   0x08001308   0x00000074   Code   RO         1255    i.HAL_DMA_Start_IT  stm32f1xx_hal_dma.o
    0x0800137c   0x0800137c   0x000001f0   Code   RO         1181    i.HAL_GPIO_Init     stm32f1xx_hal_gpio.o
    0x0800156c   0x0800156c   0x0000000e   Code   RO         1185    i.HAL_GPIO_WritePin  stm32f1xx_hal_gpio.o
    0x0800157a   0x0800157a   0x00000002   PAD
    0x0800157c   0x0800157c   0x0000000c   Code   RO          846    i.HAL_GetTick       stm32f1xx_hal.o
    0x08001588   0x08001588   0x00000010   Code   RO          852    i.HAL_IncTick       stm32f1xx_hal.o
    0x08001598   0x08001598   0x00000024   Code   RO          853    i.HAL_Init          stm32f1xx_hal.o
    0x080015bc   0x080015bc   0x00000044   Code   RO          854    i.HAL_InitTick      stm32f1xx_hal.o
    0x08001600   0x08001600   0x0000003c   Code   RO          541    i.HAL_MspInit       stm32f1xx_hal_msp.o
    0x0800163c   0x0800163c   0x0000001a   Code   RO         1341    i.HAL_NVIC_EnableIRQ  stm32f1xx_hal_cortex.o
    0x08001656   0x08001656   0x00000002   PAD
    0x08001658   0x08001658   0x00000040   Code   RO         1347    i.HAL_NVIC_SetPriority  stm32f1xx_hal_cortex.o
    0x08001698   0x08001698   0x00000024   Code   RO         1348    i.HAL_NVIC_SetPriorityGrouping  stm32f1xx_hal_cortex.o
    0x080016bc   0x080016bc   0x00000154   Code   RO         1010    i.HAL_RCC_ClockConfig  stm32f1xx_hal_rcc.o
    0x08001810   0x08001810   0x0000000c   Code   RO         1015    i.HAL_RCC_GetHCLKFreq  stm32f1xx_hal_rcc.o
    0x0800181c   0x0800181c   0x00000020   Code   RO         1017    i.HAL_RCC_GetPCLK1Freq  stm32f1xx_hal_rcc.o
    0x0800183c   0x0800183c   0x00000020   Code   RO         1018    i.HAL_RCC_GetPCLK2Freq  stm32f1xx_hal_rcc.o
    0x0800185c   0x0800185c   0x0000008c   Code   RO         1019    i.HAL_RCC_GetSysClockFreq  stm32f1xx_hal_rcc.o
    0x080018e8   0x080018e8   0x00000454   Code   RO         1022    i.HAL_RCC_OscConfig  stm32f1xx_hal_rcc.o
    0x08001d3c   0x08001d3c   0x00000028   Code   RO         1352    i.HAL_SYSTICK_Config  stm32f1xx_hal_cortex.o
    0x08001d64   0x08001d64   0x00000002   Code   RO         2579    i.HAL_TIMEx_BreakCallback  stm32f1xx_hal_tim_ex.o
    0x08001d66   0x08001d66   0x00000002   Code   RO         2580    i.HAL_TIMEx_CommutCallback  stm32f1xx_hal_tim_ex.o
    0x08001d68   0x08001d68   0x00000054   Code   RO         2582    i.HAL_TIMEx_ConfigBreakDeadTime  stm32f1xx_hal_tim_ex.o
    0x08001dbc   0x08001dbc   0x00000070   Code   RO         2598    i.HAL_TIMEx_MasterConfigSynchronization  stm32f1xx_hal_tim_ex.o
    0x08001e2c   0x08001e2c   0x0000004a   Code   RO         1864    i.HAL_TIM_Base_Init  stm32f1xx_hal_tim.o
    0x08001e76   0x08001e76   0x00000002   PAD
    0x08001e78   0x08001e78   0x00000068   Code   RO          314    i.HAL_TIM_Base_MspInit  tim.o
    0x08001ee0   0x08001ee0   0x0000006c   Code   RO         1869    i.HAL_TIM_Base_Start_IT  stm32f1xx_hal_tim.o
    0x08001f4c   0x08001f4c   0x000000e8   Code   RO         1873    i.HAL_TIM_ConfigClockSource  stm32f1xx_hal_tim.o
    0x08002034   0x08002034   0x00000002   Code   RO         1898    i.HAL_TIM_IC_CaptureCallback  stm32f1xx_hal_tim.o
    0x08002036   0x08002036   0x00000138   Code   RO         1912    i.HAL_TIM_IRQHandler  stm32f1xx_hal_tim.o
    0x0800216e   0x0800216e   0x00000002   PAD
    0x08002170   0x08002170   0x0000004c   Code   RO          315    i.HAL_TIM_MspPostInit  tim.o
    0x080021bc   0x080021bc   0x00000002   Code   RO         1915    i.HAL_TIM_OC_DelayElapsedCallback  stm32f1xx_hal_tim.o
    0x080021be   0x080021be   0x000000d8   Code   RO         1936    i.HAL_TIM_PWM_ConfigChannel  stm32f1xx_hal_tim.o
    0x08002296   0x08002296   0x0000004a   Code   RO         1939    i.HAL_TIM_PWM_Init  stm32f1xx_hal_tim.o
    0x080022e0   0x080022e0   0x00000002   Code   RO         1941    i.HAL_TIM_PWM_MspInit  stm32f1xx_hal_tim.o
    0x080022e2   0x080022e2   0x00000002   Code   RO         1942    i.HAL_TIM_PWM_PulseFinishedCallback  stm32f1xx_hal_tim.o
    0x080022e4   0x080022e4   0x000000b8   Code   RO         1944    i.HAL_TIM_PWM_Start  stm32f1xx_hal_tim.o
    0x0800239c   0x0800239c   0x00000074   Code   RO         1947    i.HAL_TIM_PWM_Stop  stm32f1xx_hal_tim.o
    0x08002410   0x08002410   0x00000040   Code   RO         3257    i.HAL_TIM_PeriodElapsedCallback  task_scheduler.o
    0x08002450   0x08002450   0x00000002   Code   RO         1955    i.HAL_TIM_TriggerCallback  stm32f1xx_hal_tim.o
    0x08002452   0x08002452   0x00000002   Code   RO         2858    i.HAL_UARTEx_RxEventCallback  stm32f1xx_hal_uart.o
    0x08002454   0x08002454   0x00000070   Code   RO         2870    i.HAL_UART_DMAStop  stm32f1xx_hal_uart.o
    0x080024c4   0x080024c4   0x00000002   Code   RO         2872    i.HAL_UART_ErrorCallback  stm32f1xx_hal_uart.o
    0x080024c6   0x080024c6   0x00000066   Code   RO         2876    i.HAL_UART_Init     stm32f1xx_hal_uart.o
    0x0800252c   0x0800252c   0x000000d4   Code   RO          368    i.HAL_UART_MspInit  usart.o
    0x08002600   0x08002600   0x0000001c   Code   RO         2880    i.HAL_UART_Receive_DMA  stm32f1xx_hal_uart.o
    0x0800261c   0x0800261c   0x00000002   Code   RO         2882    i.HAL_UART_RxCpltCallback  stm32f1xx_hal_uart.o
    0x0800261e   0x0800261e   0x00000002   Code   RO         2883    i.HAL_UART_RxHalfCpltCallback  stm32f1xx_hal_uart.o
    0x08002620   0x08002620   0x00000044   Code   RO          419    i.HardFault_Handler  stm32f1xx_it.o
    0x08002664   0x08002664   0x0000013c   Code   RO         4455    i.JudgeBuffReceive  refree.o
    0x080027a0   0x080027a0   0x00000028   Code   RO         3556    i.M3508_Init        m3508.o
    0x080027c8   0x080027c8   0x000000d6   Code   RO         3337    i.M3508_command_transmit  m3508_bsp.o
    0x0800289e   0x0800289e   0x00000002   PAD
    0x080028a0   0x080028a0   0x0000001c   Code   RO         3557    i.M3508_feedback_handler  m3508.o
    0x080028bc   0x080028bc   0x00000076   Code   RO         3338    i.M3508_feedback_process  m3508_bsp.o
    0x08002932   0x08002932   0x00000002   PAD
    0x08002934   0x08002934   0x00000020   Code   RO         3339    i.M3508_from_lsb_to_position_deg  m3508_bsp.o
    0x08002954   0x08002954   0x00000034   Code   RO         3340    i.M3508_from_lsb_to_position_rad  m3508_bsp.o
    0x08002988   0x08002988   0x0000001c   Code   RO         3341    i.M3508_from_lsb_to_torque_current  m3508_bsp.o
    0x080029a4   0x080029a4   0x0000001c   Code   RO         3342    i.M3508_from_torque_current_to_torque  m3508_bsp.o
    0x080029c0   0x080029c0   0x0000000c   Code   RO         3382    i.M3508_gear_command_transmit  m3508_gear_bsp.o
    0x080029cc   0x080029cc   0x00000030   Code   RO         3615    i.M3508_gear_feedback_handler  m3508_gear.o
    0x080029fc   0x080029fc   0x000000b8   Code   RO         3383    i.M3508_gear_feedback_process  m3508_gear_bsp.o
    0x08002ab4   0x08002ab4   0x0000001c   Code   RO         3617    i.M3508_gear_parameter_init  m3508_gear.o
    0x08002ad0   0x08002ad0   0x00000028   Code   RO         3618    i.M3508_gear_set_torque_current_lsb  m3508_gear.o
    0x08002af8   0x08002af8   0x00000038   Code   RO         3560    i.M3508_set_single_motor_current  m3508.o
    0x08002b30   0x08002b30   0x00000044   Code   RO          242    i.MX_CAN1_Init      can.o
    0x08002b74   0x08002b74   0x00000044   Code   RO          243    i.MX_CAN2_Init      can.o
    0x08002bb8   0x08002bb8   0x0000003c   Code   RO          289    i.MX_DMA_Init       dma.o
    0x08002bf4   0x08002bf4   0x00000070   Code   RO          216    i.MX_GPIO_Init      gpio.o
    0x08002c64   0x08002c64   0x000000dc   Code   RO          316    i.MX_TIM1_Init      tim.o
    0x08002d40   0x08002d40   0x00000068   Code   RO          317    i.MX_TIM3_Init      tim.o
    0x08002da8   0x08002da8   0x0000004c   Code   RO          369    i.MX_USART2_UART_Init  usart.o
    0x08002df4   0x08002df4   0x0000003a   Code   RO         4104    i.Math_Int_To_Float  steering_communication.o
    0x08002e2e   0x08002e2e   0x00000002   Code   RO          420    i.MemManage_Handler  stm32f1xx_it.o
    0x08002e30   0x08002e30   0x00000002   Code   RO          421    i.NMI_Handler       stm32f1xx_it.o
    0x08002e32   0x08002e32   0x00000044   Code   RO         3760    i.PID_Controller    pid_regulator.o
    0x08002e76   0x08002e76   0x00000014   Code   RO         3769    i.PID_HandleInit    pid_regulator.o
    0x08002e8a   0x08002e8a   0x00000002   PAD
    0x08002e8c   0x08002e8c   0x00000078   Code   RO         3782    i.PI_Controller     pid_regulator.o
    0x08002f04   0x08002f04   0x00000002   Code   RO          422    i.PendSV_Handler    stm32f1xx_it.o
    0x08002f06   0x08002f06   0x00000002   PAD
    0x08002f08   0x08002f08   0x00000024   Code   RO         1023    i.RCC_Delay         stm32f1xx_hal_rcc.o
    0x08002f2c   0x08002f2c   0x00000002   Code   RO          423    i.SVC_Handler       stm32f1xx_it.o
    0x08002f2e   0x08002f2e   0x00000002   PAD
    0x08002f30   0x08002f30   0x00000040   Code   RO         3299    i.SW_control_task   sw_control_task.o
    0x08002f70   0x08002f70   0x00000014   Code   RO         3300    i.SW_control_task_init  sw_control_task.o
    0x08002f84   0x08002f84   0x00000020   Code   RO         3914    i.Steering_CheckHandleLegitimacy  steering_wheel.o
    0x08002fa4   0x08002fa4   0x00000014   Code   RO         4105    i.Steering_Communication_SubscribeList_Init  steering_communication.o
    0x08002fb8   0x08002fb8   0x00000024   Code   RO         3915    i.Steering_FindSteeringHandle_via_CANID  steering_wheel.o
    0x08002fdc   0x08002fdc   0x00000028   Code   RO         3916    i.Steering_HandleListAdd  steering_wheel.o
    0x08003004   0x08003004   0x00000040   Code   RO         3917    i.Steering_Wheel_CommandTransmit  steering_wheel.o
    0x08003044   0x08003044   0x0000002c   Code   RO         3918    i.Steering_Wheel_CommandUpdate  steering_wheel.o
    0x08003070   0x08003070   0x000000c4   Code   RO         3919    i.Steering_Wheel_HandleInit  steering_wheel.o
    0x08003134   0x08003134   0x00000070   Code   RO         3920    i.Steering_Wheel_MotorAndEncoderFeedbackUpdate  steering_wheel.o
    0x080031a4   0x080031a4   0x0000004e   Code   RO         3921    i.Steering_Wheel_MotorAndEncoderStatusUpdate  steering_wheel.o
    0x080031f2   0x080031f2   0x00000002   PAD
    0x080031f4   0x080031f4   0x00000160   Code   RO         3922    i.Steering_Wheel_MotorCommandUpdate  steering_wheel.o
    0x08003354   0x08003354   0x000000b6   Code   RO         3923    i.Steering_Wheel_PID_HandleInit  steering_wheel.o
    0x0800340a   0x0800340a   0x0000000e   Code   RO         3924    i.Steering_Wheel_PartCommandUpdate  steering_wheel.o
    0x08003418   0x08003418   0x00000018   Code   RO         3925    i.Steering_Wheel_PartStatusUpdate  steering_wheel.o
    0x08003430   0x08003430   0x00000004   Code   RO         3926    i.Steering_Wheel_SetEnableStatus  steering_wheel.o
    0x08003434   0x08003434   0x00000018   Code   RO         3927    i.Steering_Wheel_SetProtocolArcMode  steering_wheel.o
    0x0800344c   0x0800344c   0x00000018   Code   RO         3928    i.Steering_Wheel_SetProtocolDegMode  steering_wheel.o
    0x08003464   0x08003464   0x00000006   Code   RO         3929    i.Steering_Wheel_SetProtocolPosition  steering_wheel.o
    0x0800346a   0x0800346a   0x00000006   Code   RO         3930    i.Steering_Wheel_SetProtocolSpeed  steering_wheel.o
    0x08003470   0x08003470   0x000000d0   Code   RO         3931    i.Steering_Wheel_StatusUpdate  steering_wheel.o
    0x08003540   0x08003540   0x00000004   Code   RO          424    i.SysTick_Handler   stm32f1xx_it.o
    0x08003544   0x08003544   0x00000068   Code   RO           14    i.SystemClock_Config  main.o
    0x080035ac   0x080035ac   0x00000002   Code   RO         3220    i.SystemInit        system_stm32f1xx.o
    0x080035ae   0x080035ae   0x00000002   PAD
    0x080035b0   0x080035b0   0x0000000c   Code   RO          425    i.TIM1_UP_IRQHandler  stm32f1xx_it.o
    0x080035bc   0x080035bc   0x0000000c   Code   RO          426    i.TIM3_IRQHandler   stm32f1xx_it.o
    0x080035c8   0x080035c8   0x00000088   Code   RO         1957    i.TIM_Base_SetConfig  stm32f1xx_hal_tim.o
    0x08003650   0x08003650   0x0000001a   Code   RO         1958    i.TIM_CCxChannelCmd  stm32f1xx_hal_tim.o
    0x0800366a   0x0800366a   0x00000014   Code   RO         1968    i.TIM_ETR_SetConfig  stm32f1xx_hal_tim.o
    0x0800367e   0x0800367e   0x00000010   Code   RO         1969    i.TIM_ITRx_SetConfig  stm32f1xx_hal_tim.o
    0x0800368e   0x0800368e   0x00000002   PAD
    0x08003690   0x08003690   0x00000060   Code   RO         1970    i.TIM_OC1_SetConfig  stm32f1xx_hal_tim.o
    0x080036f0   0x080036f0   0x00000064   Code   RO         1971    i.TIM_OC2_SetConfig  stm32f1xx_hal_tim.o
    0x08003754   0x08003754   0x00000060   Code   RO         1972    i.TIM_OC3_SetConfig  stm32f1xx_hal_tim.o
    0x080037b4   0x080037b4   0x00000048   Code   RO         1973    i.TIM_OC4_SetConfig  stm32f1xx_hal_tim.o
    0x080037fc   0x080037fc   0x00000022   Code   RO         1975    i.TIM_TI1_ConfigInputStage  stm32f1xx_hal_tim.o
    0x0800381e   0x0800381e   0x00000024   Code   RO         1977    i.TIM_TI2_ConfigInputStage  stm32f1xx_hal_tim.o
    0x08003842   0x08003842   0x0000004a   Code   RO         2890    i.UART_DMAError     stm32f1xx_hal_uart.o
    0x0800388c   0x0800388c   0x00000086   Code   RO         2891    i.UART_DMAReceiveCplt  stm32f1xx_hal_uart.o
    0x08003912   0x08003912   0x0000001e   Code   RO         2893    i.UART_DMARxHalfCplt  stm32f1xx_hal_uart.o
    0x08003930   0x08003930   0x0000004e   Code   RO         2899    i.UART_EndRxTransfer  stm32f1xx_hal_uart.o
    0x0800397e   0x0800397e   0x0000001c   Code   RO         2901    i.UART_EndTxTransfer  stm32f1xx_hal_uart.o
    0x0800399a   0x0800399a   0x00000002   PAD
    0x0800399c   0x0800399c   0x000000b8   Code   RO         2903    i.UART_SetConfig    stm32f1xx_hal_uart.o
    0x08003a54   0x08003a54   0x00000094   Code   RO         2904    i.UART_Start_Receive_DMA  stm32f1xx_hal_uart.o
    0x08003ae8   0x08003ae8   0x00000002   Code   RO          427    i.UsageFault_Handler  stm32f1xx_it.o
    0x08003aea   0x08003aea   0x00000002   PAD
    0x08003aec   0x08003aec   0x00000040   Code   RO         4399    i.Verify_CRC16_Check_Sum  algorithmofcrc.o
    0x08003b2c   0x08003b2c   0x0000002e   Code   RO         4400    i.Verify_CRC8_Check_Sum  algorithmofcrc.o
    0x08003b5a   0x08003b5a   0x00000020   Code   RO         1354    i.__NVIC_SetPriority  stm32f1xx_hal_cortex.o
    0x08003b7a   0x08003b7a   0x00000002   PAD
    0x08003b7c   0x08003b7c   0x0000002c   Code   RO         3654    i.briter_encoder_Init  briter_encoder.o
    0x08003ba8   0x08003ba8   0x0000001c   Code   RO         3403    i.briter_encoder_command_transmit  briter_encoder_bsp.o
    0x08003bc4   0x08003bc4   0x00000004   Code   RO         3655    i.briter_encoder_feedback_handler  briter_encoder.o
    0x08003bc8   0x08003bc8   0x00000028   Code   RO         3404    i.briter_encoder_feedback_process  briter_encoder_bsp.o
    0x08003bf0   0x08003bf0   0x00000014   Code   RO         3656    i.briter_encoder_parameter_init  briter_encoder.o
    0x08003c04   0x08003c04   0x00000030   Code   RO         3657    i.briter_encoder_request_tatal_angle  briter_encoder.o
    0x08003c34   0x08003c34   0x00000034   Code   RO         4273    i.buzzer_handleInit  buzzer.o
    0x08003c68   0x08003c68   0x00000040   Code   RO         4274    i.buzzer_init_example  buzzer.o
    0x08003ca8   0x08003ca8   0x00000010   Code   RO          428    i.buzzer_on         stm32f1xx_it.o
    0x08003cb8   0x08003cb8   0x00000010   Code   RO         4284    i.buzzer_setTask    buzzer.o
    0x08003cc8   0x08003cc8   0x00000064   Code   RO         3453    i.can_filter_set    can_bsp.o
    0x08003d2c   0x08003d2c   0x00000088   Code   RO           16    i.main              main.o
    0x08003db4   0x08003db4   0x00000090   Code   RO         3454    i.platform_filtter_config_setting  can_bsp.o
    0x08003e44   0x08003e44   0x0000000c   Code   RO         4286    i.platform_getMsTick  buzzer.o
    0x08003e50   0x08003e50   0x00000044   Code   RO         4287    i.platform_setFreq  buzzer.o
    0x08003e94   0x08003e94   0x0000001c   Code   RO         4288    i.platform_setSwitch  buzzer.o
    0x08003eb0   0x08003eb0   0x00000014   Code   RO         3561    i.platform_trans    m3508.o
    0x08003ec4   0x08003ec4   0x00000014   Code   RO         3667    i.platform_trans    briter_encoder.o
    0x08003ed8   0x08003ed8   0x0000002c   Code   RO         4106    i.platform_trans    steering_communication.o
    0x08003f04   0x08003f04   0x000000ac   Code   RO         4107    i.steering_communication_ADD_SUBSCRIBE_VALUE_handler  steering_communication.o
    0x08003fb0   0x08003fb0   0x00000038   Code   RO         4108    i.steering_communication_CHECK_SUBSCRIBE_LIST_handler  steering_communication.o
    0x08003fe8   0x08003fe8   0x00000074   Code   RO         4109    i.steering_communication_DELETE_SUBSCRIBED_VALUE_handler  steering_communication.o
    0x0800405c   0x0800405c   0x000000be   Code   RO         4110    i.steering_communication_GET_PID_PARAMETER_handler  steering_communication.o
    0x0800411a   0x0800411a   0x0000008e   Code   RO         4111    i.steering_communication_GET_PID_PARAMETER_term_handler  steering_communication.o
    0x080041a8   0x080041a8   0x00000038   Code   RO         4112    i.steering_communication_SET_DISABLE_OPERATION_MODE_handler  steering_communication.o
    0x080041e0   0x080041e0   0x00000038   Code   RO         4113    i.steering_communication_SET_ENABLE_OPERATION_MODE_handler  steering_communication.o
    0x08004218   0x08004218   0x00000072   Code   RO         4114    i.steering_communication_SET_PID_PARAMETER_handler  steering_communication.o
    0x0800428a   0x0800428a   0x00000050   Code   RO         4115    i.steering_communication_SET_PID_PARAMETER_term_handler  steering_communication.o
    0x080042da   0x080042da   0x00000002   PAD
    0x080042dc   0x080042dc   0x00000064   Code   RO         4116    i.steering_communication_SET_VELOCITY_VECTOR_handler  steering_communication.o
    0x08004340   0x08004340   0x0000001c   Code   RO         4117    i.steering_communication_SubscirbeList_CheckAvailable  steering_communication.o
    0x0800435c   0x0800435c   0x0000001e   Code   RO         4118    i.steering_communication_SubscirbeList_CheckRepeatability  steering_communication.o
    0x0800437a   0x0800437a   0x0000002e   Code   RO         4120    i.steering_communication_SubscribeList_TryDelete  steering_communication.o
    0x080043a8   0x080043a8   0x00000068   Code   RO         4121    i.steering_communication_SubscribeList_TryIncert  steering_communication.o
    0x08004410   0x08004410   0x00000028   Code   RO         4122    i.steering_communication_Subscribe_GetValueAdd  steering_communication.o
    0x08004438   0x08004438   0x00000034   Code   RO         4123    i.steering_communication_init  steering_communication.o
    0x0800446c   0x0800446c   0x0000001c   Code   RO         3499    i.steering_communication_receive_unpack  steering_communication_bsp.o
    0x08004488   0x08004488   0x00000240   Code   RO         4126    i.steering_communication_rx_handler  steering_communication.o
    0x080046c8   0x080046c8   0x0000001a   Code   RO         3500    i.steering_communication_transmit  steering_communication_bsp.o
    0x080046e2   0x080046e2   0x00000002   PAD
    0x080046e4   0x080046e4   0x00000062   Code   RO         4518    x$fpl$d2f           fz_ws.l(d2f.o)
    0x08004746   0x08004746   0x00000002   PAD
    0x08004748   0x08004748   0x00000010   Code   RO         4601    x$fpl$dcheck1       fz_ws.l(dcheck1.o)
    0x08004758   0x08004758   0x0000005e   Code   RO         4530    x$fpl$dfix          fz_ws.l(dfix.o)
    0x080047b6   0x080047b6   0x0000002e   Code   RO         4535    x$fpl$dflt          fz_ws.l(dflt_clz.o)
    0x080047e4   0x080047e4   0x00000154   Code   RO         4542    x$fpl$dmul          fz_ws.l(dmul.o)
    0x08004938   0x08004938   0x0000009c   Code   RO         4605    x$fpl$dnaninf       fz_ws.l(dnaninf.o)
    0x080049d4   0x080049d4   0x0000000c   Code   RO         4607    x$fpl$dretinf       fz_ws.l(dretinf.o)
    0x080049e0   0x080049e0   0x00000056   Code   RO         4546    x$fpl$f2d           fz_ws.l(f2d.o)
    0x08004a36   0x08004a36   0x00000002   PAD
    0x08004a38   0x08004a38   0x000000c4   Code   RO         4548    x$fpl$fadd          fz_ws.l(faddsub_clz.o)
    0x08004afc   0x08004afc   0x0000000c   Code   RO         4609    x$fpl$fcheck1       fz_ws.l(fcheck1.o)
    0x08004b08   0x08004b08   0x00000018   Code   RO         4611    x$fpl$fcmpinf       fz_ws.l(fcmpi.o)
    0x08004b20   0x08004b20   0x00000184   Code   RO         4555    x$fpl$fdiv          fz_ws.l(fdiv.o)
    0x08004ca4   0x08004ca4   0x00000068   Code   RO         4558    x$fpl$feqf          fz_ws.l(feqf.o)
    0x08004d0c   0x08004d0c   0x00000036   Code   RO         4560    x$fpl$ffix          fz_ws.l(ffix.o)
    0x08004d42   0x08004d42   0x00000002   PAD
    0x08004d44   0x08004d44   0x0000003e   Code   RO         4564    x$fpl$ffixu         fz_ws.l(ffixu.o)
    0x08004d82   0x08004d82   0x00000002   PAD
    0x08004d84   0x08004d84   0x00000030   Code   RO         4569    x$fpl$fflt          fz_ws.l(fflt_clz.o)
    0x08004db4   0x08004db4   0x00000026   Code   RO         4568    x$fpl$ffltu         fz_ws.l(fflt_clz.o)
    0x08004dda   0x08004dda   0x00000002   PAD
    0x08004ddc   0x08004ddc   0x00000102   Code   RO         4576    x$fpl$fmul          fz_ws.l(fmul.o)
    0x08004ede   0x08004ede   0x0000008c   Code   RO         4613    x$fpl$fnaninf       fz_ws.l(fnaninf.o)
    0x08004f6a   0x08004f6a   0x0000000a   Code   RO         4615    x$fpl$fretinf       fz_ws.l(fretinf.o)
    0x08004f74   0x08004f74   0x000000ea   Code   RO         4550    x$fpl$fsub          fz_ws.l(faddsub_clz.o)
    0x0800505e   0x0800505e   0x00000064   Code   RO         4669    x$fpl$retnan        fz_ws.l(retnan.o)
    0x080050c2   0x080050c2   0x0000005c   Code   RO         4580    x$fpl$scalbn        fz_ws.l(scalbn.o)
    0x0800511e   0x0800511e   0x0000004c   Code   RO         4582    x$fpl$scalbnf       fz_ws.l(scalbnf.o)
    0x0800516a   0x0800516a   0x00000030   Code   RO         4688    x$fpl$trapveneer    fz_ws.l(trapv.o)
    0x0800519a   0x0800519a   0x00000000   Code   RO         4617    x$fpl$usenofp       fz_ws.l(usenofp.o)
    0x0800519a   0x0800519a   0x0000001e   Data   RO         1024    .constdata          stm32f1xx_hal_rcc.o
    0x080051b8   0x080051b8   0x00000010   Data   RO         3221    .constdata          system_stm32f1xx.o
    0x080051c8   0x080051c8   0x00000008   Data   RO         3222    .constdata          system_stm32f1xx.o
    0x080051d0   0x080051d0   0x00000300   Data   RO         4402    .constdata          algorithmofcrc.o
    0x080054d0   0x080054d0   0x00000020   Data   RO         4814    Region$$Table       anon$$obj.o


    Execution Region RW_IRAM1 (Exec base: 0x20000000, Load base: 0x080054f0, Size: 0x00000ef8, Max: 0x00010000, ABSOLUTE)

    Exec Addr    Load Addr    Size         Type   Attr      Idx    E Section Name        Object

    0x20000000   0x080054f0   0x00000004   Data   RW          245    .data               can.o
    0x20000004   0x080054f4   0x0000000c   Data   RW          860    .data               stm32f1xx_hal.o
    0x20000010   0x08005500   0x00000004   Data   RW         3223    .data               system_stm32f1xx.o
    0x20000014   0x08005504   0x0000000c   Data   RW         3260    .data               task_scheduler.o
    0x20000020   0x08005510   0x0000000c   Data   RW         3565    .data               m3508.o
    0x2000002c   0x0800551c   0x0000000c   Data   RW         3670    .data               briter_encoder.o
    0x20000038   0x08005528   0x00000010   Data   RW         4129    .data               steering_communication.o
    0x20000048   0x08005538   0x00000002   Data   RW         4403    .data               algorithmofcrc.o
    0x2000004a   0x0800553a   0x00000002   PAD
    0x2000004c   0x0800553c   0x00000008   Data   RW         4457    .data               refree.o
    0x20000054        -       0x00000050   Zero   RW          244    .bss                can.o
    0x200000a4        -       0x00000090   Zero   RW          318    .bss                tim.o
    0x20000134        -       0x0000012c   Zero   RW          370    .bss                usart.o
    0x20000260        -       0x00000274   Zero   RW         3302    .bss                sw_control_task.o
    0x200004d4        -       0x0000001c   Zero   RW         3455    .bss                can_bsp.o
    0x200004f0        -       0x00000190   Zero   RW         3562    .bss                m3508.o
    0x20000680        -       0x00000018   Zero   RW         3564    .bss                m3508.o
    0x20000698        -       0x00000018   Zero   RW         3668    .bss                briter_encoder.o
    0x200006b0        -       0x00000020   Zero   RW         3933    .bss                steering_wheel.o
    0x200006d0        -       0x000000e6   Zero   RW         4128    .bss                steering_communication.o
    0x200007b6   0x08005544   0x00000002   PAD
    0x200007b8        -       0x00000024   Zero   RW         4289    .bss                buzzer.o
    0x200007dc        -       0x000000b5   Zero   RW         4456    .bss                refree.o
    0x20000891   0x08005544   0x00000003   PAD
    0x20000894        -       0x00000060   Zero   RW         4672    .bss                c_w.l(libspace.o)
    0x200008f4   0x08005544   0x00000004   PAD
    0x200008f8        -       0x00000200   Zero   RW            2    HEAP                startup_stm32f105xc.o
    0x20000af8        -       0x00000400   Zero   RW            1    STACK               startup_stm32f105xc.o


==============================================================================

Image component sizes


      Code (inc. data)   RO Data    RW Data    ZI Data      Debug   Object Name

       186         12        768          2          0       3537   algorithmofcrc.o
       136         30          0         12         24       3537   briter_encoder.o
        68          0          0          0          0       3964   briter_encoder_bsp.o
       240         28          0          0         36       7088   buzzer.o
       448         42          0          4         80       2486   can.o
       600         70          0          0         28       3912   can_bsp.o
        60          4          0          0          0        746   dma.o
       112         10          0          0          0        891   gpio.o
       144         28          0         12        424       3513   m3508.o
       472         32          0          0          0       5337   m3508_bsp.o
       116          8          0          0          0       2010   m3508_gear.o
       196         10          0          0          0       2444   m3508_gear_bsp.o
       244         24          0          0          0     625534   main.o
       208          4          0          0          0       3274   pid_regulator.o
       408         36          0          8        181       3300   refree.o
        64         26        336          0       1536        804   startup_stm32f105xc.o
      2080         72          0         16        230      17946   steering_communication.o
        54          0          0          0          0       3162   steering_communication_bsp.o
      1446         72          0          0         32      15732   steering_wheel.o
       132         24          0         12          0       6333   stm32f1xx_hal.o
      1808          6          0          0          0      14061   stm32f1xx_hal_can.o
       198         14          0          0          0      28995   stm32f1xx_hal_cortex.o
      1036         44          0          0          0       5102   stm32f1xx_hal_dma.o
       510         32          0          0          0       2784   stm32f1xx_hal_gpio.o
        60          8          0          0          0        882   stm32f1xx_hal_msp.o
      1700         88         30          0          0       6988   stm32f1xx_hal_rcc.o
      1958         78          0          0          0      16763   stm32f1xx_hal_tim.o
       200         16          0          0          0       3249   stm32f1xx_hal_tim_ex.o
       926         20          0          0          0       9537   stm32f1xx_hal_uart.o
       186         50          0          0          0       7392   stm32f1xx_it.o
        84         12          0          0        628       2800   sw_control_task.o
         2          0         24          4          0       1095   system_stm32f1xx.o
        64         10          0         12          0       5383   task_scheduler.o
       504         44          0          0        144       3085   tim.o
       288         28          0          0        300       1963   usart.o

    ----------------------------------------------------------------------
     16982        982       1190         84       3648     825629   Object Totals
         0          0         32          0          0          0   (incl. Generated)
        44          0          0          2          5          0   (incl. Padding)

    ----------------------------------------------------------------------

      Code (inc. data)   RO Data    RW Data    ZI Data      Debug   Library Member Name

         8          0          0          0          0         68   __main.o
         0          0          0          0          0          0   __rtentry.o
        12          0          0          0          0          0   __rtentry2.o
         6          0          0          0          0          0   __rtentry4.o
        52          8          0          0          0          0   __scatter.o
        26          0          0          0          0          0   __scatter_copy.o
        28          0          0          0          0          0   __scatter_zi.o
        18          0          0          0          0         80   exit.o
         6          0          0          0          0        152   heapauxi.o
         0          0          0          0          0          0   indicate_semi.o
         2          0          0          0          0          0   libinit.o
         2          0          0          0          0          0   libinit2.o
         2          0          0          0          0          0   libshutdown.o
         2          0          0          0          0          0   libshutdown2.o
         8          4          0          0         96         68   libspace.o
       238          0          0          0          0        100   lludivv7m.o
        78          0          0          0          0         80   rt_memclr_w.o
       138          0          0          0          0         68   rt_memcpy_v6.o
       100          0          0          0          0         80   rt_memcpy_w.o
         2          0          0          0          0          0   rtexit.o
        10          0          0          0          0          0   rtexit2.o
        12          4          0          0          0         68   sys_exit.o
        74          0          0          0          0         80   sys_stackheap_outer.o
         2          0          0          0          0         68   use_no_semi.o
        98          4          0          0          0         92   d2f.o
        16          4          0          0          0         68   dcheck1.o
        94          4          0          0          0         92   dfix.o
        46          0          0          0          0         68   dflt_clz.o
       340         12          0          0          0        104   dmul.o
       156          4          0          0          0         92   dnaninf.o
        12          0          0          0          0         68   dretinf.o
        86          4          0          0          0         84   f2d.o
       430          8          0          0          0        168   faddsub_clz.o
        12          4          0          0          0         68   fcheck1.o
        24          0          0          0          0         68   fcmpi.o
       388         76          0          0          0         96   fdiv.o
       104          4          0          0          0         84   feqf.o
        54          4          0          0          0         84   ffix.o
        62          4          0          0          0         84   ffixu.o
        86          0          0          0          0        136   fflt_clz.o
       258          4          0          0          0         84   fmul.o
       140          4          0          0          0         84   fnaninf.o
        10          0          0          0          0         68   fretinf.o
       100          0          0          0          0         68   retnan.o
        92          0          0          0          0         68   scalbn.o
        76          0          0          0          0         68   scalbnf.o
        48          0          0          0          0         68   trapv.o
         0          0          0          0          0          0   usenofp.o

    ----------------------------------------------------------------------
      3572        156          0          0        100       2876   Library Totals
        14          0          0          0          4          0   (incl. Padding)

    ----------------------------------------------------------------------

      Code (inc. data)   RO Data    RW Data    ZI Data      Debug   Library Name

       826         16          0          0         96        912   c_w.l
      2732        140          0          0          0       1964   fz_ws.l

    ----------------------------------------------------------------------
      3572        156          0          0        100       2876   Library Totals

    ----------------------------------------------------------------------

==============================================================================


      Code (inc. data)   RO Data    RW Data    ZI Data      Debug   

     20554       1138       1190         84       3748     816697   Grand Totals
     20554       1138       1190         84       3748     816697   ELF Image Totals
     20554       1138       1190         84          0          0   ROM Totals

==============================================================================

    Total RO  Size (Code + RO Data)                21744 (  21.23kB)
    Total RW  Size (RW Data + ZI Data)              3832 (   3.74kB)
    Total ROM Size (Code + RO Data + RW Data)      21828 (  21.32kB)

==============================================================================

