<html>
<body>
<pre>
<h1>µVision Build Log</h1>
<h2>Tool Versions:</h2>
IDE-Version: ¦ÌVision V5.39.0.0
Copyright (C) 2023 ARM Ltd and ARM Germany GmbH. All rights reserved.
License Information: 1 zxf, 1, LIC=EXJT4-F5LV2-WF8I7-EEYK8-LQ262-920LD
 
Tool Versions:
Toolchain:       MDK-ARM Plus  Version: 5.39.0.0
Toolchain Path:  D:\Keil_v5\ARM\ARMCC\Bin
C Compiler:      Armcc.exe V5.06 update 6 (build 750)
Assembler:       Armasm.exe V5.06 update 6 (build 750)
Linker/Locator:  ArmLink.exe V5.06 update 6 (build 750)
Library Manager: ArmAr.exe V5.06 update 6 (build 750)
Hex Converter:   FromElf.exe V5.06 update 6 (build 750)
CPU DLL:         SARMCM3.DLL V5.39.0.0
Dialog DLL:      DCM.DLL V1.17.5.0
Target DLL:      Segger\JL2CM3.dll V2.99.43.0
Dialog DLL:      TCM.DLL V1.56.4.0
 
<h2>Project:</h2>
D:\Users_RM\hero\hero_agv\HERO_AGV_code\code\MDK-ARM\AGV_Board.uvprojx
Project File Date:  11/27/2024

<h2>Output:</h2>
*** Using Compiler 'V5.06 update 6 (build 750)', folder: 'D:\Keil_v5\ARM\ARMCC\Bin'
Rebuild target 'AGV_Board'
assembling startup_stm32f105xc.s...
compiling stm32f1xx_hal_msp.c...
compiling tim.c...
compiling gpio.c...
compiling stm32f1xx_hal_gpio.c...
compiling stm32f1xx_hal_gpio_ex.c...
compiling dma.c...
compiling stm32f1xx_hal.c...
compiling stm32f1xx_hal_can.c...
compiling stm32f1xx_it.c...
compiling usart.c...
compiling can.c...
compiling main.c...
compiling stm32f1xx_hal_rcc_ex.c...
compiling stm32f1xx_hal_dma.c...
compiling stm32f1xx_hal_rcc.c...
compiling SW_control_task.c...
compiling M3508_bsp.c...
compiling steering_wheel_bsp.c...
compiling briter_encoder_bsp.c...
compiling M3508_gear_bsp.c...
compiling pack_handler_bsp.c...
compiling steering_communication_bsp.c...
compiling buzzer_bsp.c...
compiling M3508_gear.c...
compiling pid_regulator.c...
compiling chassis_power_control.c...
compiling stm32f1xx_hal_cortex.c...
compiling stm32f1xx_hal_exti.c...
compiling system_stm32f1xx.c...
compiling stm32f1xx_hal_pwr.c...
compiling stm32f1xx_hal_tim_ex.c...
compiling M3508.c...
compiling stm32f1xx_hal_flash.c...
compiling task_scheduler.c...
compiling stm32f1xx_hal_flash_ex.c...
compiling can_bsp.c...
compiling stm32f1xx_hal_uart.c...
compiling briter_encoder.c...
compiling steering_wheel.c...
compiling stm32f1xx_hal_tim.c...
compiling steering_communication.c...
compiling buzzer.c...
compiling algorithmOfCRC.c...
compiling refree.c...
linking...
Program Size: Code=20554 RO-data=1190 RW-data=84 ZI-data=3748  
FromELF: creating hex file...
"AGV_Board\AGV_Board.axf" - 0 Error(s), 0 Warning(s).

<h2>Software Packages used:</h2>

Package Vendor: ARM
                http://www.keil.com/pack/ARM.CMSIS.5.9.0.pack
                ARM::CMSIS@5.9.0
                CMSIS (Common Microcontroller Software Interface Standard)
   * Component: CORE Version: 5.6.0

Package Vendor: Keil
                https://www.keil.com/pack/Keil.STM32F1xx_DFP.2.4.1.pack
                Keil::STM32F1xx_DFP@2.4.1
                STMicroelectronics STM32F1 Series Device Support, Drivers and Examples

<h2>Collection of Component include folders:</h2>
  ./RTE/_AGV_Board
  D:/Keil_v5/ARM/Packs/ARM/CMSIS/5.9.0/CMSIS/Core/Include
  D:/Keil_v5/ARM/Packs/Keil/STM32F1xx_DFP/2.4.1/Device/Include

<h2>Collection of Component Files used:</h2>

   * Component: ARM::CMSIS:CORE@5.6.0
      Include file:  CMSIS/Core/Include/tz_context.h
Build Time Elapsed:  00:00:07
</pre>
</body>
</html>
